******************************************************************************
                  TI ARM Linker PC v20.2.7                     
******************************************************************************
>> Linked Wed Mar  4 15:17:40 2026

OUTPUT FILE NAME:   <Lab5.out>
ENTRY POINT SYMBOL: "_c_int00_noargs"  address: 00003a81


MEMORY CONFIGURATION

         name            origin    length      used     unused   attr    fill
----------------------  --------  ---------  --------  --------  ----  --------
  FLASH                 00000000   00040000  00004408  0003bbf8  R  X
  SRAM                  20000000   00008000  000017e4  0000681c  RW X


SEGMENT ALLOCATION MAP

run origin  load origin   length   init length attrs members
----------  ----------- ---------- ----------- ----- -------
00000000    00000000    00004408   00004408    r-x
  00000000    00000000    0000026c   0000026c    r-- .intvecs
  0000026c    0000026c    00003cb4   00003cb4    r-x .text
  00003f20    00003f20    00000448   00000448    r-- .const
  00004368    00004368    000000a0   000000a0    r-- .cinit
20000000    20000000    000017e8   00000000    rw-
  20000000    20000000    0000026c   00000000    rw- .vtable
  20000270    20000270    00000800   00000000    rw- .stack
  20000a70    20000a70    00000800   00000000    rw- .sysmem
  20001270    20001270    00000384   00000000    rw- .bss
  200015f4    200015f4    000001f4   00000000    rw- .data


SECTION ALLOCATION MAP

 output                                  attributes/
section   page    origin      length       input sections
--------  ----  ----------  ----------   ----------------
.intvecs   0    00000000    0000026c     
                  00000000    0000026c     tm4c123gh6pm_startup_ccs.obj (.intvecs)

.text      0    0000026c    00003cb4     
                  0000026c    00000a4e     rtsv7M4_T_le_v4SPD16_eabi.lib : _printfi.c.obj (.text:__TI_printfi)
                  00000cba    00000002                                   : _lock.c.obj (.text:_nop)
                  00000cbc    00000470     Util.lib : event.obj (.text)
                  0000112c    00000270     rtsv7M4_T_le_v4SPD16_eabi.lib : _printfi.c.obj (.text:_pconv_a)
                  0000139c    000001d0                                   : _printfi.c.obj (.text:_pconv_g)
                  0000156c    000001d0     lab5_main.obj (.text)
                  0000173c    000001b6     rtsv7M4_T_le_v4SPD16_eabi.lib : fd_add_t2.asm.obj (.text)
                  000018f2    00000002                                   : div0.asm.obj (.text)
                  000018f4    00000198     Util.lib : pushbutton.obj (.text)
                  00001a8c    0000016c     driverlib.lib : gpio.obj (.text:GPIOPadConfigSet)
                  00001bf8    0000013c     rtsv7M4_T_le_v4SPD16_eabi.lib : _printfi.c.obj (.text:_pconv_e)
                  00001d34    00000136                                   : fd_div_t2.asm.obj (.text)
                  00001e6a    00000002     --HOLE-- [fill = 0]
                  00001e6c    00000124                                   : _printfi.c.obj (.text:fcvt)
                  00001f90    00000124     motion.obj (.text)
                  000020b4    00000118     driverlib.lib : sysctl.obj (.text:SysCtlClockGet)
                  000021cc    00000114     rtsv7M4_T_le_v4SPD16_eabi.lib : fputs.c.obj (.text:fputs)
                  000022e0    00000110                                   : s_scalbn.c.obj (.text:scalbn)
                  000023f0    00000100                                   : memory.c.obj (.text:aligned_alloc)
                  000024f0    000000fc                                   : fd_mul_t2.asm.obj (.text)
                  000025ec    000000f4     driverlib.lib : sysctl.obj (.text:SysCtlClockSet)
                  000026e0    000000e4     rtsv7M4_T_le_v4SPD16_eabi.lib : memory.c.obj (.text:free)
                  000027c4    000000dc                                   : setvbuf.c.obj (.text:setvbuf)
                  000028a0    000000c8     Util.lib : uart.obj (.text)
                  00002968    000000c0              : launchpad.obj (.text)
                  00002a28    000000b1     rtsv7M4_T_le_v4SPD16_eabi.lib : _printfi.c.obj (.text:_ltostr)
                  00002ad9    00000001     --HOLE-- [fill = 0]
                  00002ada    0000009c                                   : memcpy_t2.asm.obj (.text)
                  00002b76    00000096                                   : ull_div_t2.asm.obj (.text)
                  00002c0c    00000086                                   : fd_cmp_t2.asm.obj (.text:__aeabi_cdcmple)
                  00002c92    00000086                                   : fd_cmp_t2.asm.obj (.text:__aeabi_cdrcmple)
                  00002d18    00000084     Util.lib : led.obj (.text)
                  00002d9c    0000007c     rtsv7M4_T_le_v4SPD16_eabi.lib : fflush.c.obj (.text:fflush)
                  00002e18    0000007a                                   : memset_t2.asm.obj (.text)
                  00002e92    00000002     --HOLE-- [fill = 0]
                  00002e94    00000074                                   : fclose.c.obj (.text:__TI_closefile)
                  00002f08    00000070                                   : memory.c.obj (.text:split)
                  00002f78    0000006e                                   : _printfi.c.obj (.text:_mcpy)
                  00002fe6    00000002     --HOLE-- [fill = 0]
                  00002fe8    0000006c                                   : hostrename.c.obj (.text:HOSTrename)
                  00003054    00000068                                   : hostlseek.c.obj (.text:HOSTlseek)
                  000030bc    00000068     driverlib.lib : interrupt.obj (.text:IntEnable)
                  00003124    00000068     rtsv7M4_T_le_v4SPD16_eabi.lib : copy_decompress_lzss.c.obj (.text:decompress:lzss:__TI_decompress_lzss)
                  0000318c    00000064                                   : s_frexp.c.obj (.text:frexp)
                  000031f0    00000064                                   : fseek.c.obj (.text:fseek)
                  00003254    00000062                                   : _io_perm.c.obj (.text:__TI_wrt_ok)
                  000032b6    00000002     --HOLE-- [fill = 0]
                  000032b8    00000060                                   : hostopen.c.obj (.text:HOSTopen)
                  00003318    0000005c                                   : close.c.obj (.text:close)
                  00003374    00000058     driverlib.lib : gpio.obj (.text:GPIOIntTypeSet)
                  000033cc    00000058     rtsv7M4_T_le_v4SPD16_eabi.lib : hostread.c.obj (.text:HOSTread)
                  00003424    00000058                                   : hostwrite.c.obj (.text:HOSTwrite)
                  0000347c    00000056                                   : _printfi.c.obj (.text:_pconv_f)
                  000034d2    00000054                                   : _ltoa.c.obj (.text:__TI_ltoa)
                  00003526    00000052                                   : _printfi.c.obj (.text:_ecpy)
                  00003578    0000004c     driverlib.lib : gpio.obj (.text:GPIOPinConfigure)
                  000035c4    0000004c     rtsv7M4_T_le_v4SPD16_eabi.lib : fflush.c.obj (.text:__TI_doflush)
                  00003610    0000004c                                   : atoi.c.obj (.text:atoi)
                  0000365c    00000048                                   : exit.c.obj (.text:exit)
                  000036a4    00000048                                   : fd_toi_t2.asm.obj (.text)
                  000036ec    00000046     driverlib.lib : uart.obj (.text:UARTConfigSetExpClk)
                  00003732    00000002     --HOLE-- [fill = 0]
                  00003734    00000044     rtsv7M4_T_le_v4SPD16_eabi.lib : hostclose.c.obj (.text:HOSTclose)
                  00003778    00000044                                   : hostunlink.c.obj (.text:HOSTunlink)
                  000037bc    00000044     driverlib.lib : gpio.obj (.text:_GPIOIntNumberGet)
                  00003800    00000044     rtsv7M4_T_le_v4SPD16_eabi.lib : autoinit.c.obj (.text:__TI_auto_init_nobinit_nopinit:__TI_auto_init_nobinit_nopinit)
                  00003844    00000044                                   : getdevice.c.obj (.text:getdevice)
                  00003888    00000040                                   : vsnprintf.c.obj (.text:vsnprintf)
                  000038c8    0000003e                                   : _printfi.c.obj (.text:_fcpy)
                  00003906    00000002     --HOLE-- [fill = 0]
                  00003908    00000038     driverlib.lib : sysctl.obj (.text:SysCtlPeripheralReady)
                  00003940    00000038     rtsv7M4_T_le_v4SPD16_eabi.lib : trgmsg.c.obj (.text:__TI_writemsg)
                  00003978    00000036                                   : strncpy.c.obj (.text:strncpy)
                  000039ae    00000002     --HOLE-- [fill = 0]
                  000039b0    00000034     driverlib.lib : interrupt.obj (.text:IntRegister)
                  000039e4    00000034                   : sysctl.obj (.text:SysCtlPeripheralEnable)
                  00003a18    00000034     rtsv7M4_T_le_v4SPD16_eabi.lib : fopen.c.obj (.text:__TI_cleanup)
                  00003a4c    00000034                                   : trgmsg.c.obj (.text:__TI_readmsg)
                  00003a80    00000034                                   : boot_cortex_m.c.obj (.text:_c_int00_noargs:_c_int00_noargs)
                  00003ab4    00000030                                   : vsnprintf.c.obj (.text:_outs)
                  00003ae4    00000030                                   : getdevice.c.obj (.text:finddevice)
                  00003b14    0000002e                                   : i_tofd_t2.asm.obj (.text)
                  00003b42    0000002c     driverlib.lib : gpio.obj (.text:GPIODirModeSet)
                  00003b6e    00000002     --HOLE-- [fill = 0]
                  00003b70    0000002c     buzzer_asm.obj (.text)
                  00003b9c    0000002c     rtsv7M4_T_le_v4SPD16_eabi.lib : unlink.c.obj (.text:unlink)
                  00003bc8    00000028                                   : memory.c.obj (.text:free_list_insert)
                  00003bf0    00000028                                   : lseek.c.obj (.text:lseek)
                  00003c18    00000028                                   : write.c.obj (.text:write)
                  00003c40    00000024     driverlib.lib : interrupt.obj (.text:IntPrioritySet)
                  00003c64    00000020                   : uart.obj (.text:UARTDisable)
                  00003c84    00000020     rtsv7M4_T_le_v4SPD16_eabi.lib : memchr.c.obj (.text:memchr)
                  00003ca4    0000001c     driverlib.lib : systick.obj (.text:SysTickIntRegister)
                  00003cc0    0000001c     rtsv7M4_T_le_v4SPD16_eabi.lib : assert.c.obj (.text:_abort_msg)
                  00003cdc    0000001c     buzzer.obj (.text)
                  00003cf8    0000001c     rtsv7M4_T_le_v4SPD16_eabi.lib : memory.c.obj (.text:free_list_remove)
                  00003d14    0000001c                                   : memccpy.c.obj (.text:memccpy)
                  00003d30    0000001a     driverlib.lib : gpio.obj (.text:GPIOPinTypeGPIOOutput)
                  00003d4a    0000001a     rtsv7M4_T_le_v4SPD16_eabi.lib : s_copysign.c.obj (.text:copysign)
                  00003d64    0000001a     motion_asm.obj (.text)
                  00003d7e    00000018     driverlib.lib : gpio.obj (.text:GPIOIntRegister)
                  00003d96    00000018     rtsv7M4_T_le_v4SPD16_eabi.lib : vsnprintf.c.obj (.text:_outc)
                  00003dae    00000018                                   : strcmp.c.obj (.text:strcmp)
                  00003dc6    00000016     lab5_main.obj (.text:EventInitialized)
                  00003ddc    00000016     driverlib.lib : gpio.obj (.text:GPIOPinTypeGPIOInput)
                  00003df2    00000016                   : gpio.obj (.text:GPIOPinTypeUART)
                  00003e08    00000016     rtsv7M4_T_le_v4SPD16_eabi.lib : strchr.c.obj (.text:strchr)
                  00003e1e    00000002     --HOLE-- [fill = 0]
                  00003e20    00000014     driverlib.lib : systick.obj (.text:SysTickEnable)
                  00003e34    00000014                   : systick.obj (.text:SysTickIntEnable)
                  00003e48    00000014                   : uart.obj (.text:UARTEnable)
                  00003e5c    00000014     rtsv7M4_T_le_v4SPD16_eabi.lib : strcpy.c.obj (.text:strcpy)
                  00003e70    00000014                                   : strlen.c.obj (.text:strlen)
                  00003e84    00000012                                   : wcslen.c.obj (.text:wcslen)
                  00003e96    00000002     --HOLE-- [fill = 0]
                  00003e98    00000010     driverlib.lib : systick.obj (.text:SysTickPeriodSet)
                  00003ea8    0000000e     rtsv7M4_T_le_v4SPD16_eabi.lib : copy_decompress_none.c.obj (.text:decompress:none:__TI_decompress_none)
                  00003eb6    0000000c     driverlib.lib : gpio.obj (.text:GPIOIntEnable)
                  00003ec2    0000000c     rtsv7M4_T_le_v4SPD16_eabi.lib : copy_zero_init.c.obj (.text:decompress:ZI:__TI_zero_init)
                  00003ece    0000000c     tm4c123gh6pm_startup_ccs.obj (.text)
                  00003eda    0000000a     driverlib.lib : uart.obj (.text:UARTCharGet)
                  00003ee4    0000000a                   : uart.obj (.text:UARTCharPut)
                  00003eee    00000002     --HOLE-- [fill = 0]
                  00003ef0    00000008     rtsv7M4_T_le_v4SPD16_eabi.lib : errno.c.obj (.text:__aeabi_errno_addr)
                  00003ef8    00000008                                   : memory.c.obj (.text:malloc)
                  00003f00    00000006     driverlib.lib : gpio.obj (.text:GPIOIntClear)
                  00003f06    00000006                   : gpio.obj (.text:GPIOPinRead)
                  00003f0c    00000006                   : gpio.obj (.text:GPIOPinWrite)
                  00003f12    00000006                   : sysctl.obj (.text:SysCtlDelay)
                  00003f18    00000004     rtsv7M4_T_le_v4SPD16_eabi.lib : pre_init.c.obj (.text:_system_pre_init)
                  00003f1c    00000004                                   : exit.c.obj (.text:abort:abort)

.const     0    00003f20    00000448     
                  00003f20    00000101     rtsv7M4_T_le_v4SPD16_eabi.lib : ctype.c.obj (.const:.string:_ctypes_)
                  00004021    00000003     --HOLE-- [fill = 0]
                  00004024    000000d8     driverlib.lib : gpio.obj (.const:g_ppui32GPIOIntMapSnowflake)
                  000040fc    000000c0                   : gpio.obj (.const:g_ppui32GPIOIntMapBlizzard)
                  000041bc    0000009c                   : interrupt.obj (.const:g_pui32Regs)
                  00004258    00000090                   : gpio.obj (.const:g_pui32GPIOBaseAddrs)
                  000042e8    0000006c                   : sysctl.obj (.const:g_pui32Xtals)
                  00004354    00000014                   : interrupt.obj (.const:g_pui32EnRegs)

.cinit     0    00004368    000000a0     
                  00004368    0000006c     (.cinit..data.load) [load image, compression = lzss]
                  000043d4    0000000c     (__TI_handler_table)
                  000043e0    00000008     (.cinit..bss.load) [load image, compression = zero_init]
                  000043e8    00000008     (.cinit..vtable.load) [load image, compression = zero_init]
                  000043f0    00000018     (__TI_cinit_table)

.init_array 
*          0    00000000    00000000     UNINITIALIZED

.vtable    0    20000000    0000026c     UNINITIALIZED
                  20000000    0000026c     driverlib.lib : interrupt.obj (.vtable)

.stack     0    20000270    00000800     UNINITIALIZED
                  20000270    00000004     rtsv7M4_T_le_v4SPD16_eabi.lib : boot_cortex_m.c.obj (.stack)
                  20000274    000007fc     --HOLE--

.sysmem    0    20000a70    00000800     UNINITIALIZED
                  20000a70    00000010     rtsv7M4_T_le_v4SPD16_eabi.lib : memory.c.obj (.sysmem)
                  20000a80    000007f0     --HOLE--

.bss       0    20001270    00000384     UNINITIALIZED
                  20001270    00000120     rtsv7M4_T_le_v4SPD16_eabi.lib : trgmsg.c.obj (.bss:_CIOBUF_)
                  20001390    00000100     Util.lib : event.obj (.bss:bin_head)
                  20001490    000000a0     (.common:__TI_tmpnams)
                  20001530    00000054              : uart.obj (.bss:buffer$1)
                  20001584    00000014     (.common:buzzer_play_event)
                  20001598    00000014     (.common:check_push_button_event)
                  200015ac    00000014     (.common:motion_sensor_event)
                  200015c0    00000010              : event.obj (.bss:bin_head_heap)
                  200015d0    00000010              : pushbutton.obj (.bss:push_button)
                  200015e0    0000000c     (.common:motion_sensor)
                  200015ec    00000008     (.common:parmbuf)

.data      0    200015f4    000001f4     UNINITIALIZED
                  200015f4    000000f0     rtsv7M4_T_le_v4SPD16_eabi.lib : defs.c.obj (.data:_ftable)
                  200016e4    00000078                                   : host_device.c.obj (.data:_device)
                  2000175c    00000050                                   : host_device.c.obj (.data:_stream)
                  200017ac    00000010                                   : defs.c.obj (.data)
                  200017bc    0000000c                                   : exit.c.obj (.data:$O1$$)
                  200017c8    00000008                                   : _lock.c.obj (.data:$O1$$)
                  200017d0    00000008                                   : memory.c.obj (.data:$O1$$)
                  200017d8    00000005     Util.lib : event.obj (.data)
                  200017dd    00000003     lab5_main.obj (.data:sys)
                  200017e0    00000004     Util.lib : pushbutton.obj (.data)
                  200017e4    00000004     rtsv7M4_T_le_v4SPD16_eabi.lib : errno.c.obj (.data)

__llvm_prf_cnts 
*          0    20000000    00000000     UNINITIALIZED

MODULE SUMMARY

       Module                         code    ro data   rw data
       ------                         ----    -------   -------
    .\
       tm4c123gh6pm_startup_ccs.obj   12      620       0      
       lab5_main.obj                  486     0         63     
       motion.obj                     292     0         12     
       buzzer_asm.obj                 44      0         0      
       buzzer.obj                     28      0         0      
       motion_asm.obj                 26      0         0      
    +--+------------------------------+-------+---------+---------+
       Total:                         888     620       75     
                                                               
    C:/Users/aadic/Downloads/ECE266_Labs/Util/Debug/Util.lib
       event.obj                      1136    0         277    
       pushbutton.obj                 408     0         20     
       uart.obj                       200     0         84     
       launchpad.obj                  192     0         0      
       led.obj                        132     0         0      
    +--+------------------------------+-------+---------+---------+
       Total:                         2068    0         381    
                                                               
    C:/ti/TivaWare_C_Series-2.2.0.295/driverlib/ccs/Debug/driverlib.lib
       gpio.obj                       764     552       0      
       interrupt.obj                  192     176       620    
       sysctl.obj                     638     108       0      
       uart.obj                       142     0         0      
       systick.obj                    84      0         0      
    +--+------------------------------+-------+---------+---------+
       Total:                         1820    836       620    
                                                               
    C:\ti\ccs1281\ccs\tools\compiler\ti-cgt-arm_20.2.7.LTS\lib\rtsv7M4_T_le_v4SPD16_eabi.lib
       _printfi.c.obj                 4851    0         0      
       memory.c.obj                   672     0         8      
       fd_add_t2.asm.obj              438     0         0      
       defs.c.obj                     0       0         416    
       trgmsg.c.obj                   108     0         288    
       fd_div_t2.asm.obj              310     0         0      
       fputs.c.obj                    276     0         0      
       s_scalbn.c.obj                 272     0         0      
       fd_cmp_t2.asm.obj              268     0         0      
       ctype.c.obj                    0       257       0      
       fd_mul_t2.asm.obj              252     0         0      
       setvbuf.c.obj                  220     0         0      
       fflush.c.obj                   200     0         0      
       host_device.c.obj              0       0         200    
       memcpy_t2.asm.obj              156     0         0      
       ull_div_t2.asm.obj             150     0         0      
       vsnprintf.c.obj                136     0         0      
       memset_t2.asm.obj              122     0         0      
       fclose.c.obj                   116     0         0      
       getdevice.c.obj                116     0         0      
       hostrename.c.obj               108     0         0      
       copy_decompress_lzss.c.obj     104     0         0      
       hostlseek.c.obj                104     0         0      
       hostopen.c.obj                 96      0         8      
       fseek.c.obj                    100     0         0      
       s_frexp.c.obj                  100     0         0      
       _io_perm.c.obj                 98      0         0      
       close.c.obj                    92      0         0      
       exit.c.obj                     76      0         12     
       hostread.c.obj                 88      0         0      
       hostwrite.c.obj                88      0         0      
       _ltoa.c.obj                    84      0         0      
       atoi.c.obj                     76      0         0      
       fd_toi_t2.asm.obj              72      0         0      
       autoinit.c.obj                 68      0         0      
       hostclose.c.obj                68      0         0      
       hostunlink.c.obj               68      0         0      
       strncpy.c.obj                  54      0         0      
       boot_cortex_m.c.obj            52      0         0      
       fopen.c.obj                    52      0         0      
       i_tofd_t2.asm.obj              46      0         0      
       unlink.c.obj                   44      0         0      
       lseek.c.obj                    40      0         0      
       write.c.obj                    40      0         0      
       memchr.c.obj                   32      0         0      
       assert.c.obj                   28      0         0      
       memccpy.c.obj                  28      0         0      
       s_copysign.c.obj               26      0         0      
       strcmp.c.obj                   24      0         0      
       strchr.c.obj                   22      0         0      
       strcpy.c.obj                   20      0         0      
       strlen.c.obj                   20      0         0      
       wcslen.c.obj                   18      0         0      
       copy_decompress_none.c.obj     14      0         0      
       copy_zero_init.c.obj           12      0         0      
       errno.c.obj                    8       0         4      
       _lock.c.obj                    2       0         8      
       pre_init.c.obj                 4       0         0      
       div0.asm.obj                   2       0         0      
    +--+------------------------------+-------+---------+---------+
       Total:                         10741   257       944    
                                                               
       Heap:                          0       0         2048   
       Stack:                         0       0         2048   
       Linker Generated:              0       160       0      
    +--+------------------------------+-------+---------+---------+
       Grand Total:                   15517   1873      6116   


LINKER GENERATED COPY TABLES

__TI_cinit_table @ 000043f0 records: 3, size/record: 8, table size: 24
	.data: load addr=00004368, load size=0000006c bytes, run addr=200015f4, run size=000001f4 bytes, compression=lzss
	.bss: load addr=000043e0, load size=00000008 bytes, run addr=20001270, run size=00000384 bytes, compression=zero_init
	.vtable: load addr=000043e8, load size=00000008 bytes, run addr=20000000, run size=0000026c bytes, compression=zero_init


LINKER GENERATED HANDLER TABLE

__TI_handler_table @ 000043d4 records: 3, size/record: 4, table size: 12
	index: 0, handler: __TI_zero_init
	index: 1, handler: __TI_decompress_lzss
	index: 2, handler: __TI_decompress_none


GLOBAL SYMBOLS: SORTED ALPHABETICALLY BY Name 

address   name                           
-------   ----                           
00003cdd  BuzzerInit                     
00003b89  BuzzerOff                      
00003b75  BuzzerOn                       
0000156d  BuzzerPlay                     
00003f1d  C$$EXIT                        
0000396f  C$$IO$$                        
0000162b  CheckPushButton                
00000fd5  EventDeschedule                
00001031  EventExecute                   
0000107d  EventGetCurrentTime            
00000ea7  EventInit                      
00003dc7  EventInitialized               
00000efd  EventSchedule                  
00000e2b  EventSchedulerInit             
00003b43  GPIODirModeSet                 
00003f01  GPIOIntClear                   
00003eb7  GPIOIntEnable                  
00003d7f  GPIOIntRegister                
00003375  GPIOIntTypeSet                 
00001a8d  GPIOPadConfigSet               
00003579  GPIOPinConfigure               
00003f07  GPIOPinRead                    
00003ddd  GPIOPinTypeGPIOInput           
00003d31  GPIOPinTypeGPIOOutput          
00003df3  GPIOPinTypeUART                
00003f0d  GPIOPinWrite                   
00003735  HOSTclose                      
00003055  HOSTlseek                      
000032b9  HOSTopen                       
000033cd  HOSTread                       
00002fe9  HOSTrename                     
00003779  HOSTunlink                     
00003425  HOSTwrite                      
00000cbd  HeapifyDownwards               
00000d8d  HeapifyUpwards                 
000030bd  IntEnable                      
00003c41  IntPrioritySet                 
000039b1  IntRegister                    
00002995  LaunchPadInit                  
00002d19  LedInit                        
00002d3b  LedTurnOnOff                   
00001f91  MotionInit                     
00003d69  MotionReadAsm                  
000015c5  MotionSensor                   
00002001  MotionSensorISR                
00001fe7  PIREventRegister               
0000195d  PushButtonEventRegister        
000018f5  PushButtonInit                 
00001987  PushButtonRead                 
00001977  PushButtonSetDebouncingDelay   
00003ecf  ResetISR                       
000020b5  SysCtlClockGet                 
000025ed  SysCtlClockSet                 
00003f13  SysCtlDelay                    
000039e5  SysCtlPeripheralEnable         
00003909  SysCtlPeripheralReady          
00003e21  SysTickEnable                  
00003e35  SysTickIntEnable               
00003ca5  SysTickIntRegister             
00003e99  SysTickPeriodSet               
00003edb  UARTCharGet                    
00003ee5  UARTCharPut                    
000036ed  UARTConfigSetExpClk            
00003c65  UARTDisable                    
00003e49  UARTEnable                     
000028ed  UartGetChar                    
000028a1  UartInit                       
000028db  UartPutChar                    
000028ff  UartPutString                  
00002969  WaitUs                         
20001270  __CIOBUF_                      
20000a70  __STACK_END                    
00000800  __STACK_SIZE                   
20000470  __STACK_TOP                    
00000800  __SYSMEM_SIZE                  
000043f0  __TI_CINIT_Base                
00004408  __TI_CINIT_Limit               
000043d4  __TI_Handler_Table_Base        
000043e0  __TI_Handler_Table_Limit       
00003801  __TI_auto_init_nobinit_nopinit 
00003a19  __TI_cleanup                   
200017bc  __TI_cleanup_ptr               
00002e95  __TI_closefile                 
00003125  __TI_decompress_lzss           
00003ea9  __TI_decompress_none           
000035c5  __TI_doflush                   
200017c0  __TI_dtors_ptr                 
200017c4  __TI_enable_exit_profile_output
200017ac  __TI_ft_end                    
000034d3  __TI_ltoa                      
ffffffff  __TI_pprof_out_hndl            
0000026d  __TI_printfi                   
ffffffff  __TI_prof_data_size            
ffffffff  __TI_prof_data_start           
00003a4d  __TI_readmsg                   
00000000  __TI_static_base__             
20001490  __TI_tmpnams                   
00003941  __TI_writemsg                  
00003255  __TI_wrt_ok                    
00003ec3  __TI_zero_init                 
00002c0d  __aeabi_cdcmpeq                
00002c0d  __aeabi_cdcmple                
00002c93  __aeabi_cdrcmple               
000036a5  __aeabi_d2iz                   
00001747  __aeabi_dadd                   
00001d35  __aeabi_ddiv                   
000024f1  __aeabi_dmul                   
0000173d  __aeabi_dsub                   
00003ef1  __aeabi_errno_addr             
00003b15  __aeabi_i2d                    
000018f3  __aeabi_idiv0                  
000018f3  __aeabi_ldiv0                  
00002e19  __aeabi_memclr                 
00002e19  __aeabi_memclr4                
00002e19  __aeabi_memclr8                
00002adb  __aeabi_memcpy                 
00002adb  __aeabi_memcpy4                
00002adb  __aeabi_memcpy8                
00002e1b  __aeabi_memset                 
00002e1b  __aeabi_memset4                
00002e1b  __aeabi_memset8                
200017b8  __aeabi_stderr                 
200017b0  __aeabi_stdin                  
200017b4  __aeabi_stdout                 
00002b77  __aeabi_uldivmod               
ffffffff  __binit__                      
ffffffff  __c_args__                     
UNDEFED   __mpu_init                     
20000270  __stack                        
20000000  __start___llvm_prf_cnts        
20000000  __stop___llvm_prf_cnts         
00003cc1  _abort_msg                     
00003a81  _c_int00_noargs                
00003f20  _ctypes_                       
200016e4  _device                        
200015f4  _ftable                        
200017c8  _lock                          
00000cbb  _nop                           
2000175c  _stream                        
20000a70  _sys_memory                    
UNDEFED   _system_post_cinit             
00003f19  _system_pre_init               
200017cc  _unlock                        
00003f1d  abort                          
000023f1  aligned_alloc                  
00003611  atoi                           
ffffffff  binit                          
20001584  buzzer_play_event              
20001598  check_push_button_event        
00003319  close                          
00003d4b  copysign                       
00003d4b  copysignl                      
200017e4  errno                          
0000365d  exit                           
00002d9d  fflush                         
00003ae5  finddevice                     
000021cd  fputs                          
000026e1  free                           
0000318d  frexp                          
0000318d  frexpl                         
000031f1  fseek                          
20000000  g_pfnRAMVectors                
00000000  g_pfnVectors                   
00003845  getdevice                      
000022e1  ldexp                          
000022e1  ldexpl                         
00003bf1  lseek                          
00001681  main                           
00003ef9  malloc                         
000023f1  memalign                       
00003d15  memccpy                        
00003c85  memchr                         
00002adb  memcpy                         
00002e21  memset                         
200015e0  motion_sensor                  
200015ac  motion_sensor_event            
200015ec  parmbuf                        
00003b9d  remove                         
000022e1  scalbn                         
000022e1  scalbnl                        
000027c5  setvbuf                        
00003e09  strchr                         
00003daf  strcmp                         
00003e5d  strcpy                         
00003e71  strlen                         
00003979  strncpy                        
00003b9d  unlink                         
0000292b  uprintf                        
00003889  vsnprintf                      
00003e85  wcslen                         
00003c19  write                          


GLOBAL SYMBOLS: SORTED BY Symbol Address 

address   name                           
-------   ----                           
00000000  __TI_static_base__             
00000000  g_pfnVectors                   
0000026d  __TI_printfi                   
00000800  __STACK_SIZE                   
00000800  __SYSMEM_SIZE                  
00000cbb  _nop                           
00000cbd  HeapifyDownwards               
00000d8d  HeapifyUpwards                 
00000e2b  EventSchedulerInit             
00000ea7  EventInit                      
00000efd  EventSchedule                  
00000fd5  EventDeschedule                
00001031  EventExecute                   
0000107d  EventGetCurrentTime            
0000156d  BuzzerPlay                     
000015c5  MotionSensor                   
0000162b  CheckPushButton                
00001681  main                           
0000173d  __aeabi_dsub                   
00001747  __aeabi_dadd                   
000018f3  __aeabi_idiv0                  
000018f3  __aeabi_ldiv0                  
000018f5  PushButtonInit                 
0000195d  PushButtonEventRegister        
00001977  PushButtonSetDebouncingDelay   
00001987  PushButtonRead                 
00001a8d  GPIOPadConfigSet               
00001d35  __aeabi_ddiv                   
00001f91  MotionInit                     
00001fe7  PIREventRegister               
00002001  MotionSensorISR                
000020b5  SysCtlClockGet                 
000021cd  fputs                          
000022e1  ldexp                          
000022e1  ldexpl                         
000022e1  scalbn                         
000022e1  scalbnl                        
000023f1  aligned_alloc                  
000023f1  memalign                       
000024f1  __aeabi_dmul                   
000025ed  SysCtlClockSet                 
000026e1  free                           
000027c5  setvbuf                        
000028a1  UartInit                       
000028db  UartPutChar                    
000028ed  UartGetChar                    
000028ff  UartPutString                  
0000292b  uprintf                        
00002969  WaitUs                         
00002995  LaunchPadInit                  
00002adb  __aeabi_memcpy                 
00002adb  __aeabi_memcpy4                
00002adb  __aeabi_memcpy8                
00002adb  memcpy                         
00002b77  __aeabi_uldivmod               
00002c0d  __aeabi_cdcmpeq                
00002c0d  __aeabi_cdcmple                
00002c93  __aeabi_cdrcmple               
00002d19  LedInit                        
00002d3b  LedTurnOnOff                   
00002d9d  fflush                         
00002e19  __aeabi_memclr                 
00002e19  __aeabi_memclr4                
00002e19  __aeabi_memclr8                
00002e1b  __aeabi_memset                 
00002e1b  __aeabi_memset4                
00002e1b  __aeabi_memset8                
00002e21  memset                         
00002e95  __TI_closefile                 
00002fe9  HOSTrename                     
00003055  HOSTlseek                      
000030bd  IntEnable                      
00003125  __TI_decompress_lzss           
0000318d  frexp                          
0000318d  frexpl                         
000031f1  fseek                          
00003255  __TI_wrt_ok                    
000032b9  HOSTopen                       
00003319  close                          
00003375  GPIOIntTypeSet                 
000033cd  HOSTread                       
00003425  HOSTwrite                      
000034d3  __TI_ltoa                      
00003579  GPIOPinConfigure               
000035c5  __TI_doflush                   
00003611  atoi                           
0000365d  exit                           
000036a5  __aeabi_d2iz                   
000036ed  UARTConfigSetExpClk            
00003735  HOSTclose                      
00003779  HOSTunlink                     
00003801  __TI_auto_init_nobinit_nopinit 
00003845  getdevice                      
00003889  vsnprintf                      
00003909  SysCtlPeripheralReady          
00003941  __TI_writemsg                  
0000396f  C$$IO$$                        
00003979  strncpy                        
000039b1  IntRegister                    
000039e5  SysCtlPeripheralEnable         
00003a19  __TI_cleanup                   
00003a4d  __TI_readmsg                   
00003a81  _c_int00_noargs                
00003ae5  finddevice                     
00003b15  __aeabi_i2d                    
00003b43  GPIODirModeSet                 
00003b75  BuzzerOn                       
00003b89  BuzzerOff                      
00003b9d  remove                         
00003b9d  unlink                         
00003bf1  lseek                          
00003c19  write                          
00003c41  IntPrioritySet                 
00003c65  UARTDisable                    
00003c85  memchr                         
00003ca5  SysTickIntRegister             
00003cc1  _abort_msg                     
00003cdd  BuzzerInit                     
00003d15  memccpy                        
00003d31  GPIOPinTypeGPIOOutput          
00003d4b  copysign                       
00003d4b  copysignl                      
00003d69  MotionReadAsm                  
00003d7f  GPIOIntRegister                
00003daf  strcmp                         
00003dc7  EventInitialized               
00003ddd  GPIOPinTypeGPIOInput           
00003df3  GPIOPinTypeUART                
00003e09  strchr                         
00003e21  SysTickEnable                  
00003e35  SysTickIntEnable               
00003e49  UARTEnable                     
00003e5d  strcpy                         
00003e71  strlen                         
00003e85  wcslen                         
00003e99  SysTickPeriodSet               
00003ea9  __TI_decompress_none           
00003eb7  GPIOIntEnable                  
00003ec3  __TI_zero_init                 
00003ecf  ResetISR                       
00003edb  UARTCharGet                    
00003ee5  UARTCharPut                    
00003ef1  __aeabi_errno_addr             
00003ef9  malloc                         
00003f01  GPIOIntClear                   
00003f07  GPIOPinRead                    
00003f0d  GPIOPinWrite                   
00003f13  SysCtlDelay                    
00003f19  _system_pre_init               
00003f1d  C$$EXIT                        
00003f1d  abort                          
00003f20  _ctypes_                       
000043d4  __TI_Handler_Table_Base        
000043e0  __TI_Handler_Table_Limit       
000043f0  __TI_CINIT_Base                
00004408  __TI_CINIT_Limit               
20000000  __start___llvm_prf_cnts        
20000000  __stop___llvm_prf_cnts         
20000000  g_pfnRAMVectors                
20000270  __stack                        
20000470  __STACK_TOP                    
20000a70  __STACK_END                    
20000a70  _sys_memory                    
20001270  __CIOBUF_                      
20001490  __TI_tmpnams                   
20001584  buzzer_play_event              
20001598  check_push_button_event        
200015ac  motion_sensor_event            
200015e0  motion_sensor                  
200015ec  parmbuf                        
200015f4  _ftable                        
200016e4  _device                        
2000175c  _stream                        
200017ac  __TI_ft_end                    
200017b0  __aeabi_stdin                  
200017b4  __aeabi_stdout                 
200017b8  __aeabi_stderr                 
200017bc  __TI_cleanup_ptr               
200017c0  __TI_dtors_ptr                 
200017c4  __TI_enable_exit_profile_output
200017c8  _lock                          
200017cc  _unlock                        
200017e4  errno                          
ffffffff  __TI_pprof_out_hndl            
ffffffff  __TI_prof_data_size            
ffffffff  __TI_prof_data_start           
ffffffff  __binit__                      
ffffffff  __c_args__                     
ffffffff  binit                          
UNDEFED   __mpu_init                     
UNDEFED   _system_post_cinit             

[191 symbols]
