<?xml version="1.0" encoding="ISO-8859-1" ?>
<link_info>
   <banner>TI ARM Linker PC v20.2.7.LTS</banner>
   <copyright>Copyright (c) 1996-2018 Texas Instruments Incorporated</copyright>
   <link_time>0x69a8a174</link_time>
   <link_errors>0x0</link_errors>
   <output_file>Lab5.out</output_file>
   <entry_point>
      <name>_c_int00_noargs</name>
      <address>0x3a81</address>
   </entry_point>
   <input_file_list>
      <input_file id="fl-2">
         <path>.\</path>
         <kind>object</kind>
         <file>buzzer.obj</file>
         <name>buzzer.obj</name>
      </input_file>
      <input_file id="fl-3">
         <path>.\</path>
         <kind>object</kind>
         <file>buzzer_asm.obj</file>
         <name>buzzer_asm.obj</name>
      </input_file>
      <input_file id="fl-4">
         <path>.\</path>
         <kind>object</kind>
         <file>lab5_main.obj</file>
         <name>lab5_main.obj</name>
      </input_file>
      <input_file id="fl-5">
         <path>.\</path>
         <kind>object</kind>
         <file>motion.obj</file>
         <name>motion.obj</name>
      </input_file>
      <input_file id="fl-6">
         <path>.\</path>
         <kind>object</kind>
         <file>motion_asm.obj</file>
         <name>motion_asm.obj</name>
      </input_file>
      <input_file id="fl-7">
         <path>.\</path>
         <kind>object</kind>
         <file>tm4c123gh6pm_startup_ccs.obj</file>
         <name>tm4c123gh6pm_startup_ccs.obj</name>
      </input_file>
      <input_file id="fl-d">
         <kind>object</kind>
         <file>&lt;internal&gt;</file>
         <name>&lt;internal&gt;</name>
      </input_file>
      <input_file id="fl-c3">
         <path>C:\ti\ccs1281\ccs\tools\compiler\ti-cgt-arm_20.2.7.LTS\lib\</path>
         <kind>archive</kind>
         <file>rtsv7M4_T_le_v4SPD16_eabi.lib</file>
         <name>copy_zero_init.c.obj</name>
      </input_file>
      <input_file id="fl-c4">
         <path>C:\ti\ccs1281\ccs\tools\compiler\ti-cgt-arm_20.2.7.LTS\lib\</path>
         <kind>archive</kind>
         <file>rtsv7M4_T_le_v4SPD16_eabi.lib</file>
         <name>copy_decompress_none.c.obj</name>
      </input_file>
      <input_file id="fl-c5">
         <path>C:\ti\ccs1281\ccs\tools\compiler\ti-cgt-arm_20.2.7.LTS\lib\</path>
         <kind>archive</kind>
         <file>rtsv7M4_T_le_v4SPD16_eabi.lib</file>
         <name>copy_decompress_lzss.c.obj</name>
      </input_file>
      <input_file id="fl-c6">
         <path>C:\ti\ccs1281\ccs\tools\compiler\ti-cgt-arm_20.2.7.LTS\lib\</path>
         <kind>archive</kind>
         <file>rtsv7M4_T_le_v4SPD16_eabi.lib</file>
         <name>assert.c.obj</name>
      </input_file>
      <input_file id="fl-c7">
         <path>C:\ti\ccs1281\ccs\tools\compiler\ti-cgt-arm_20.2.7.LTS\lib\</path>
         <kind>archive</kind>
         <file>rtsv7M4_T_le_v4SPD16_eabi.lib</file>
         <name>defs.c.obj</name>
      </input_file>
      <input_file id="fl-c8">
         <path>C:\ti\ccs1281\ccs\tools\compiler\ti-cgt-arm_20.2.7.LTS\lib\</path>
         <kind>archive</kind>
         <file>rtsv7M4_T_le_v4SPD16_eabi.lib</file>
         <name>boot_cortex_m.c.obj</name>
      </input_file>
      <input_file id="fl-c9">
         <path>C:\ti\ccs1281\ccs\tools\compiler\ti-cgt-arm_20.2.7.LTS\lib\</path>
         <kind>archive</kind>
         <file>rtsv7M4_T_le_v4SPD16_eabi.lib</file>
         <name>fflush.c.obj</name>
      </input_file>
      <input_file id="fl-ca">
         <path>C:\ti\ccs1281\ccs\tools\compiler\ti-cgt-arm_20.2.7.LTS\lib\</path>
         <kind>archive</kind>
         <file>rtsv7M4_T_le_v4SPD16_eabi.lib</file>
         <name>fputs.c.obj</name>
      </input_file>
      <input_file id="fl-cb">
         <path>C:\ti\ccs1281\ccs\tools\compiler\ti-cgt-arm_20.2.7.LTS\lib\</path>
         <kind>archive</kind>
         <file>rtsv7M4_T_le_v4SPD16_eabi.lib</file>
         <name>_io_perm.c.obj</name>
      </input_file>
      <input_file id="fl-cc">
         <path>C:\ti\ccs1281\ccs\tools\compiler\ti-cgt-arm_20.2.7.LTS\lib\</path>
         <kind>archive</kind>
         <file>rtsv7M4_T_le_v4SPD16_eabi.lib</file>
         <name>setvbuf.c.obj</name>
      </input_file>
      <input_file id="fl-cd">
         <path>C:\ti\ccs1281\ccs\tools\compiler\ti-cgt-arm_20.2.7.LTS\lib\</path>
         <kind>archive</kind>
         <file>rtsv7M4_T_le_v4SPD16_eabi.lib</file>
         <name>memcpy_t2.asm.obj</name>
      </input_file>
      <input_file id="fl-ce">
         <path>C:\ti\ccs1281\ccs\tools\compiler\ti-cgt-arm_20.2.7.LTS\lib\</path>
         <kind>archive</kind>
         <file>rtsv7M4_T_le_v4SPD16_eabi.lib</file>
         <name>memset_t2.asm.obj</name>
      </input_file>
      <input_file id="fl-cf">
         <path>C:\ti\ccs1281\ccs\tools\compiler\ti-cgt-arm_20.2.7.LTS\lib\</path>
         <kind>archive</kind>
         <file>rtsv7M4_T_le_v4SPD16_eabi.lib</file>
         <name>autoinit.c.obj</name>
      </input_file>
      <input_file id="fl-d0">
         <path>C:\ti\ccs1281\ccs\tools\compiler\ti-cgt-arm_20.2.7.LTS\lib\</path>
         <kind>archive</kind>
         <file>rtsv7M4_T_le_v4SPD16_eabi.lib</file>
         <name>pre_init.c.obj</name>
      </input_file>
      <input_file id="fl-d1">
         <path>C:\ti\ccs1281\ccs\tools\compiler\ti-cgt-arm_20.2.7.LTS\lib\</path>
         <kind>archive</kind>
         <file>rtsv7M4_T_le_v4SPD16_eabi.lib</file>
         <name>cpy_tbl.c.obj</name>
      </input_file>
      <input_file id="fl-d2">
         <path>C:\ti\ccs1281\ccs\tools\compiler\ti-cgt-arm_20.2.7.LTS\lib\</path>
         <kind>archive</kind>
         <file>rtsv7M4_T_le_v4SPD16_eabi.lib</file>
         <name>exit.c.obj</name>
      </input_file>
      <input_file id="fl-d3">
         <path>C:\ti\ccs1281\ccs\tools\compiler\ti-cgt-arm_20.2.7.LTS\lib\</path>
         <kind>archive</kind>
         <file>rtsv7M4_T_le_v4SPD16_eabi.lib</file>
         <name>_lock.c.obj</name>
      </input_file>
      <input_file id="fl-d4">
         <path>C:\ti\ccs1281\ccs\tools\compiler\ti-cgt-arm_20.2.7.LTS\lib\</path>
         <kind>archive</kind>
         <file>rtsv7M4_T_le_v4SPD16_eabi.lib</file>
         <name>args_main.c.obj</name>
      </input_file>
      <input_file id="fl-d5">
         <path>C:\ti\ccs1281\ccs\tools\compiler\ti-cgt-arm_20.2.7.LTS\lib\</path>
         <kind>archive</kind>
         <file>rtsv7M4_T_le_v4SPD16_eabi.lib</file>
         <name>memchr.c.obj</name>
      </input_file>
      <input_file id="fl-d6">
         <path>C:\ti\ccs1281\ccs\tools\compiler\ti-cgt-arm_20.2.7.LTS\lib\</path>
         <kind>archive</kind>
         <file>rtsv7M4_T_le_v4SPD16_eabi.lib</file>
         <name>memory.c.obj</name>
      </input_file>
      <input_file id="fl-d7">
         <path>C:\ti\ccs1281\ccs\tools\compiler\ti-cgt-arm_20.2.7.LTS\lib\</path>
         <kind>archive</kind>
         <file>rtsv7M4_T_le_v4SPD16_eabi.lib</file>
         <name>strlen.c.obj</name>
      </input_file>
      <input_file id="fl-d8">
         <path>C:\ti\ccs1281\ccs\tools\compiler\ti-cgt-arm_20.2.7.LTS\lib\</path>
         <kind>archive</kind>
         <file>rtsv7M4_T_le_v4SPD16_eabi.lib</file>
         <name>write.c.obj</name>
      </input_file>
      <input_file id="fl-d9">
         <path>C:\ti\ccs1281\ccs\tools\compiler\ti-cgt-arm_20.2.7.LTS\lib\</path>
         <kind>archive</kind>
         <file>rtsv7M4_T_le_v4SPD16_eabi.lib</file>
         <name>host_device.c.obj</name>
      </input_file>
      <input_file id="fl-da">
         <path>C:\ti\ccs1281\ccs\tools\compiler\ti-cgt-arm_20.2.7.LTS\lib\</path>
         <kind>archive</kind>
         <file>rtsv7M4_T_le_v4SPD16_eabi.lib</file>
         <name>fopen.c.obj</name>
      </input_file>
      <input_file id="fl-db">
         <path>C:\ti\ccs1281\ccs\tools\compiler\ti-cgt-arm_20.2.7.LTS\lib\</path>
         <kind>archive</kind>
         <file>rtsv7M4_T_le_v4SPD16_eabi.lib</file>
         <name>fseek.c.obj</name>
      </input_file>
      <input_file id="fl-dc">
         <path>C:\ti\ccs1281\ccs\tools\compiler\ti-cgt-arm_20.2.7.LTS\lib\</path>
         <kind>archive</kind>
         <file>rtsv7M4_T_le_v4SPD16_eabi.lib</file>
         <name>hostclose.c.obj</name>
      </input_file>
      <input_file id="fl-dd">
         <path>C:\ti\ccs1281\ccs\tools\compiler\ti-cgt-arm_20.2.7.LTS\lib\</path>
         <kind>archive</kind>
         <file>rtsv7M4_T_le_v4SPD16_eabi.lib</file>
         <name>hostlseek.c.obj</name>
      </input_file>
      <input_file id="fl-de">
         <path>C:\ti\ccs1281\ccs\tools\compiler\ti-cgt-arm_20.2.7.LTS\lib\</path>
         <kind>archive</kind>
         <file>rtsv7M4_T_le_v4SPD16_eabi.lib</file>
         <name>hostopen.c.obj</name>
      </input_file>
      <input_file id="fl-df">
         <path>C:\ti\ccs1281\ccs\tools\compiler\ti-cgt-arm_20.2.7.LTS\lib\</path>
         <kind>archive</kind>
         <file>rtsv7M4_T_le_v4SPD16_eabi.lib</file>
         <name>hostread.c.obj</name>
      </input_file>
      <input_file id="fl-e0">
         <path>C:\ti\ccs1281\ccs\tools\compiler\ti-cgt-arm_20.2.7.LTS\lib\</path>
         <kind>archive</kind>
         <file>rtsv7M4_T_le_v4SPD16_eabi.lib</file>
         <name>hostrename.c.obj</name>
      </input_file>
      <input_file id="fl-e1">
         <path>C:\ti\ccs1281\ccs\tools\compiler\ti-cgt-arm_20.2.7.LTS\lib\</path>
         <kind>archive</kind>
         <file>rtsv7M4_T_le_v4SPD16_eabi.lib</file>
         <name>hostunlink.c.obj</name>
      </input_file>
      <input_file id="fl-e2">
         <path>C:\ti\ccs1281\ccs\tools\compiler\ti-cgt-arm_20.2.7.LTS\lib\</path>
         <kind>archive</kind>
         <file>rtsv7M4_T_le_v4SPD16_eabi.lib</file>
         <name>hostwrite.c.obj</name>
      </input_file>
      <input_file id="fl-e3">
         <path>C:\ti\ccs1281\ccs\tools\compiler\ti-cgt-arm_20.2.7.LTS\lib\</path>
         <kind>archive</kind>
         <file>rtsv7M4_T_le_v4SPD16_eabi.lib</file>
         <name>trgmsg.c.obj</name>
      </input_file>
      <input_file id="fl-e4">
         <path>C:\ti\ccs1281\ccs\tools\compiler\ti-cgt-arm_20.2.7.LTS\lib\</path>
         <kind>archive</kind>
         <file>rtsv7M4_T_le_v4SPD16_eabi.lib</file>
         <name>open.c.obj</name>
      </input_file>
      <input_file id="fl-e5">
         <path>C:\ti\ccs1281\ccs\tools\compiler\ti-cgt-arm_20.2.7.LTS\lib\</path>
         <kind>archive</kind>
         <file>rtsv7M4_T_le_v4SPD16_eabi.lib</file>
         <name>lseek.c.obj</name>
      </input_file>
      <input_file id="fl-e6">
         <path>C:\ti\ccs1281\ccs\tools\compiler\ti-cgt-arm_20.2.7.LTS\lib\</path>
         <kind>archive</kind>
         <file>rtsv7M4_T_le_v4SPD16_eabi.lib</file>
         <name>fclose.c.obj</name>
      </input_file>
      <input_file id="fl-e7">
         <path>C:\ti\ccs1281\ccs\tools\compiler\ti-cgt-arm_20.2.7.LTS\lib\</path>
         <kind>archive</kind>
         <file>rtsv7M4_T_le_v4SPD16_eabi.lib</file>
         <name>getdevice.c.obj</name>
      </input_file>
      <input_file id="fl-e8">
         <path>C:\ti\ccs1281\ccs\tools\compiler\ti-cgt-arm_20.2.7.LTS\lib\</path>
         <kind>archive</kind>
         <file>rtsv7M4_T_le_v4SPD16_eabi.lib</file>
         <name>strchr.c.obj</name>
      </input_file>
      <input_file id="fl-e9">
         <path>C:\ti\ccs1281\ccs\tools\compiler\ti-cgt-arm_20.2.7.LTS\lib\</path>
         <kind>archive</kind>
         <file>rtsv7M4_T_le_v4SPD16_eabi.lib</file>
         <name>strcmp.c.obj</name>
      </input_file>
      <input_file id="fl-ea">
         <path>C:\ti\ccs1281\ccs\tools\compiler\ti-cgt-arm_20.2.7.LTS\lib\</path>
         <kind>archive</kind>
         <file>rtsv7M4_T_le_v4SPD16_eabi.lib</file>
         <name>strcpy.c.obj</name>
      </input_file>
      <input_file id="fl-eb">
         <path>C:\ti\ccs1281\ccs\tools\compiler\ti-cgt-arm_20.2.7.LTS\lib\</path>
         <kind>archive</kind>
         <file>rtsv7M4_T_le_v4SPD16_eabi.lib</file>
         <name>strncpy.c.obj</name>
      </input_file>
      <input_file id="fl-ec">
         <path>C:\ti\ccs1281\ccs\tools\compiler\ti-cgt-arm_20.2.7.LTS\lib\</path>
         <kind>archive</kind>
         <file>rtsv7M4_T_le_v4SPD16_eabi.lib</file>
         <name>remove.c.obj</name>
      </input_file>
      <input_file id="fl-ed">
         <path>C:\ti\ccs1281\ccs\tools\compiler\ti-cgt-arm_20.2.7.LTS\lib\</path>
         <kind>archive</kind>
         <file>rtsv7M4_T_le_v4SPD16_eabi.lib</file>
         <name>close.c.obj</name>
      </input_file>
      <input_file id="fl-ee">
         <path>C:\ti\ccs1281\ccs\tools\compiler\ti-cgt-arm_20.2.7.LTS\lib\</path>
         <kind>archive</kind>
         <file>rtsv7M4_T_le_v4SPD16_eabi.lib</file>
         <name>unlink.c.obj</name>
      </input_file>
      <input_file id="fl-ef">
         <path>C:\Users\aadic\Downloads\ECE266_Labs\Util\Debug\</path>
         <kind>archive</kind>
         <file>Util.lib</file>
         <name>event.obj</name>
      </input_file>
      <input_file id="fl-f0">
         <path>C:\Users\aadic\Downloads\ECE266_Labs\Util\Debug\</path>
         <kind>archive</kind>
         <file>Util.lib</file>
         <name>launchpad.obj</name>
      </input_file>
      <input_file id="fl-f1">
         <path>C:\Users\aadic\Downloads\ECE266_Labs\Util\Debug\</path>
         <kind>archive</kind>
         <file>Util.lib</file>
         <name>led.obj</name>
      </input_file>
      <input_file id="fl-f2">
         <path>C:\Users\aadic\Downloads\ECE266_Labs\Util\Debug\</path>
         <kind>archive</kind>
         <file>Util.lib</file>
         <name>pushbutton.obj</name>
      </input_file>
      <input_file id="fl-f3">
         <path>C:\Users\aadic\Downloads\ECE266_Labs\Util\Debug\</path>
         <kind>archive</kind>
         <file>Util.lib</file>
         <name>uart.obj</name>
      </input_file>
      <input_file id="fl-f4">
         <path>C:\ti\TivaWare_C_Series-2.2.0.295\driverlib\ccs\Debug\</path>
         <kind>archive</kind>
         <file>driverlib.lib</file>
         <name>gpio.obj</name>
      </input_file>
      <input_file id="fl-f5">
         <path>C:\ti\TivaWare_C_Series-2.2.0.295\driverlib\ccs\Debug\</path>
         <kind>archive</kind>
         <file>driverlib.lib</file>
         <name>interrupt.obj</name>
      </input_file>
      <input_file id="fl-f6">
         <path>C:\ti\TivaWare_C_Series-2.2.0.295\driverlib\ccs\Debug\</path>
         <kind>archive</kind>
         <file>driverlib.lib</file>
         <name>sysctl.obj</name>
      </input_file>
      <input_file id="fl-f7">
         <path>C:\ti\TivaWare_C_Series-2.2.0.295\driverlib\ccs\Debug\</path>
         <kind>archive</kind>
         <file>driverlib.lib</file>
         <name>systick.obj</name>
      </input_file>
      <input_file id="fl-f8">
         <path>C:\ti\TivaWare_C_Series-2.2.0.295\driverlib\ccs\Debug\</path>
         <kind>archive</kind>
         <file>driverlib.lib</file>
         <name>uart.obj</name>
      </input_file>
      <input_file id="fl-f9">
         <path>C:\ti\TivaWare_C_Series-2.2.0.295\driverlib\ccs\Debug\</path>
         <kind>archive</kind>
         <file>driverlib.lib</file>
         <name>cpu.obj</name>
      </input_file>
      <input_file id="fl-fa">
         <path>C:\ti\ccs1281\ccs\tools\compiler\ti-cgt-arm_20.2.7.LTS\lib\</path>
         <kind>archive</kind>
         <file>rtsv7M4_T_le_v4SPD16_eabi.lib</file>
         <name>vsnprintf.c.obj</name>
      </input_file>
      <input_file id="fl-fb">
         <path>C:\ti\ccs1281\ccs\tools\compiler\ti-cgt-arm_20.2.7.LTS\lib\</path>
         <kind>archive</kind>
         <file>rtsv7M4_T_le_v4SPD16_eabi.lib</file>
         <name>ull_div_t2.asm.obj</name>
      </input_file>
      <input_file id="fl-fc">
         <path>C:\ti\ccs1281\ccs\tools\compiler\ti-cgt-arm_20.2.7.LTS\lib\</path>
         <kind>archive</kind>
         <file>rtsv7M4_T_le_v4SPD16_eabi.lib</file>
         <name>_printfi.c.obj</name>
      </input_file>
      <input_file id="fl-fd">
         <path>C:\ti\ccs1281\ccs\tools\compiler\ti-cgt-arm_20.2.7.LTS\lib\</path>
         <kind>archive</kind>
         <file>rtsv7M4_T_le_v4SPD16_eabi.lib</file>
         <name>div0.asm.obj</name>
      </input_file>
      <input_file id="fl-fe">
         <path>C:\ti\ccs1281\ccs\tools\compiler\ti-cgt-arm_20.2.7.LTS\lib\</path>
         <kind>archive</kind>
         <file>rtsv7M4_T_le_v4SPD16_eabi.lib</file>
         <name>fd_add_t2.asm.obj</name>
      </input_file>
      <input_file id="fl-ff">
         <path>C:\ti\ccs1281\ccs\tools\compiler\ti-cgt-arm_20.2.7.LTS\lib\</path>
         <kind>archive</kind>
         <file>rtsv7M4_T_le_v4SPD16_eabi.lib</file>
         <name>fd_cmp_t2.asm.obj</name>
      </input_file>
      <input_file id="fl-100">
         <path>C:\ti\ccs1281\ccs\tools\compiler\ti-cgt-arm_20.2.7.LTS\lib\</path>
         <kind>archive</kind>
         <file>rtsv7M4_T_le_v4SPD16_eabi.lib</file>
         <name>fd_div_t2.asm.obj</name>
      </input_file>
      <input_file id="fl-101">
         <path>C:\ti\ccs1281\ccs\tools\compiler\ti-cgt-arm_20.2.7.LTS\lib\</path>
         <kind>archive</kind>
         <file>rtsv7M4_T_le_v4SPD16_eabi.lib</file>
         <name>fd_mul_t2.asm.obj</name>
      </input_file>
      <input_file id="fl-102">
         <path>C:\ti\ccs1281\ccs\tools\compiler\ti-cgt-arm_20.2.7.LTS\lib\</path>
         <kind>archive</kind>
         <file>rtsv7M4_T_le_v4SPD16_eabi.lib</file>
         <name>fd_toi_t2.asm.obj</name>
      </input_file>
      <input_file id="fl-103">
         <path>C:\ti\ccs1281\ccs\tools\compiler\ti-cgt-arm_20.2.7.LTS\lib\</path>
         <kind>archive</kind>
         <file>rtsv7M4_T_le_v4SPD16_eabi.lib</file>
         <name>i_tofd_t2.asm.obj</name>
      </input_file>
      <input_file id="fl-104">
         <path>C:\ti\ccs1281\ccs\tools\compiler\ti-cgt-arm_20.2.7.LTS\lib\</path>
         <kind>archive</kind>
         <file>rtsv7M4_T_le_v4SPD16_eabi.lib</file>
         <name>_ltoa.c.obj</name>
      </input_file>
      <input_file id="fl-105">
         <path>C:\ti\ccs1281\ccs\tools\compiler\ti-cgt-arm_20.2.7.LTS\lib\</path>
         <kind>archive</kind>
         <file>rtsv7M4_T_le_v4SPD16_eabi.lib</file>
         <name>atoi.c.obj</name>
      </input_file>
      <input_file id="fl-106">
         <path>C:\ti\ccs1281\ccs\tools\compiler\ti-cgt-arm_20.2.7.LTS\lib\</path>
         <kind>archive</kind>
         <file>rtsv7M4_T_le_v4SPD16_eabi.lib</file>
         <name>ctype.c.obj</name>
      </input_file>
      <input_file id="fl-107">
         <path>C:\ti\ccs1281\ccs\tools\compiler\ti-cgt-arm_20.2.7.LTS\lib\</path>
         <kind>archive</kind>
         <file>rtsv7M4_T_le_v4SPD16_eabi.lib</file>
         <name>memccpy.c.obj</name>
      </input_file>
      <input_file id="fl-108">
         <path>C:\ti\ccs1281\ccs\tools\compiler\ti-cgt-arm_20.2.7.LTS\lib\</path>
         <kind>archive</kind>
         <file>rtsv7M4_T_le_v4SPD16_eabi.lib</file>
         <name>errno.c.obj</name>
      </input_file>
      <input_file id="fl-109">
         <path>C:\ti\ccs1281\ccs\tools\compiler\ti-cgt-arm_20.2.7.LTS\lib\</path>
         <kind>archive</kind>
         <file>rtsv7M4_T_le_v4SPD16_eabi.lib</file>
         <name>wcslen.c.obj</name>
      </input_file>
      <input_file id="fl-10a">
         <path>C:\ti\ccs1281\ccs\tools\compiler\ti-cgt-arm_20.2.7.LTS\lib\</path>
         <kind>archive</kind>
         <file>rtsv7M4_T_le_v4SPD16_eabi.lib</file>
         <name>s_frexp.c.obj</name>
      </input_file>
      <input_file id="fl-10b">
         <path>C:\ti\ccs1281\ccs\tools\compiler\ti-cgt-arm_20.2.7.LTS\lib\</path>
         <kind>archive</kind>
         <file>rtsv7M4_T_le_v4SPD16_eabi.lib</file>
         <name>s_scalbn.c.obj</name>
      </input_file>
      <input_file id="fl-10c">
         <path>C:\ti\ccs1281\ccs\tools\compiler\ti-cgt-arm_20.2.7.LTS\lib\</path>
         <kind>archive</kind>
         <file>rtsv7M4_T_le_v4SPD16_eabi.lib</file>
         <name>s_copysign.c.obj</name>
      </input_file>
   </input_file_list>
   <object_component_list>
      <object_component id="oc-12">
         <name>.intvecs</name>
         <load_address>0x0</load_address>
         <run_address>0x0</run_address>
         <size>0x26c</size>
         <input_file_ref idref="fl-7"/>
      </object_component>
      <object_component id="oc-2ae">
         <name>.text:__TI_printfi</name>
         <load_address>0x26c</load_address>
         <run_address>0x26c</run_address>
         <size>0xa4e</size>
         <input_file_ref idref="fl-fc"/>
      </object_component>
      <object_component id="oc-2fd">
         <name>.text:_nop</name>
         <load_address>0xcba</load_address>
         <run_address>0xcba</run_address>
         <size>0x2</size>
         <input_file_ref idref="fl-d3"/>
      </object_component>
      <object_component id="oc-db">
         <name>.text</name>
         <load_address>0xcbc</load_address>
         <run_address>0xcbc</run_address>
         <size>0x470</size>
         <input_file_ref idref="fl-ef"/>
      </object_component>
      <object_component id="oc-395">
         <name>.text:_pconv_a</name>
         <load_address>0x112c</load_address>
         <run_address>0x112c</run_address>
         <size>0x270</size>
         <input_file_ref idref="fl-fc"/>
      </object_component>
      <object_component id="oc-383">
         <name>.text:_pconv_g</name>
         <load_address>0x139c</load_address>
         <run_address>0x139c</run_address>
         <size>0x1d0</size>
         <input_file_ref idref="fl-fc"/>
      </object_component>
      <object_component id="oc-a2">
         <name>.text</name>
         <load_address>0x156c</load_address>
         <run_address>0x156c</run_address>
         <size>0x1d0</size>
         <input_file_ref idref="fl-4"/>
      </object_component>
      <object_component id="oc-422">
         <name>.text</name>
         <load_address>0x173c</load_address>
         <run_address>0x173c</run_address>
         <size>0x1b6</size>
         <input_file_ref idref="fl-fe"/>
      </object_component>
      <object_component id="oc-2ef">
         <name>.text</name>
         <load_address>0x18f2</load_address>
         <run_address>0x18f2</run_address>
         <size>0x2</size>
         <input_file_ref idref="fl-fd"/>
      </object_component>
      <object_component id="oc-f2">
         <name>.text</name>
         <load_address>0x18f4</load_address>
         <run_address>0x18f4</run_address>
         <size>0x198</size>
         <input_file_ref idref="fl-f2"/>
      </object_component>
      <object_component id="oc-1d6">
         <name>.text:GPIOPadConfigSet</name>
         <load_address>0x1a8c</load_address>
         <run_address>0x1a8c</run_address>
         <size>0x16c</size>
         <input_file_ref idref="fl-f4"/>
      </object_component>
      <object_component id="oc-38f">
         <name>.text:_pconv_e</name>
         <load_address>0x1bf8</load_address>
         <run_address>0x1bf8</run_address>
         <size>0x13c</size>
         <input_file_ref idref="fl-fc"/>
      </object_component>
      <object_component id="oc-408">
         <name>.text</name>
         <load_address>0x1d34</load_address>
         <run_address>0x1d34</run_address>
         <size>0x136</size>
         <input_file_ref idref="fl-100"/>
      </object_component>
      <object_component id="oc-434">
         <name>.text:fcvt</name>
         <load_address>0x1e6c</load_address>
         <run_address>0x1e6c</run_address>
         <size>0x124</size>
         <input_file_ref idref="fl-fc"/>
      </object_component>
      <object_component id="oc-104">
         <name>.text</name>
         <load_address>0x1f90</load_address>
         <run_address>0x1f90</run_address>
         <size>0x124</size>
         <input_file_ref idref="fl-5"/>
      </object_component>
      <object_component id="oc-15f">
         <name>.text:SysCtlClockGet</name>
         <load_address>0x20b4</load_address>
         <run_address>0x20b4</run_address>
         <size>0x118</size>
         <input_file_ref idref="fl-f6"/>
      </object_component>
      <object_component id="oc-270">
         <name>.text:fputs</name>
         <load_address>0x21cc</load_address>
         <run_address>0x21cc</run_address>
         <size>0x114</size>
         <input_file_ref idref="fl-ca"/>
      </object_component>
      <object_component id="oc-448">
         <name>.text:scalbn</name>
         <load_address>0x22e0</load_address>
         <run_address>0x22e0</run_address>
         <size>0x110</size>
         <input_file_ref idref="fl-10b"/>
      </object_component>
      <object_component id="oc-4f1">
         <name>.text:aligned_alloc</name>
         <load_address>0x23f0</load_address>
         <run_address>0x23f0</run_address>
         <size>0x100</size>
         <input_file_ref idref="fl-d6"/>
      </object_component>
      <object_component id="oc-403">
         <name>.text</name>
         <load_address>0x24f0</load_address>
         <run_address>0x24f0</run_address>
         <size>0xfc</size>
         <input_file_ref idref="fl-101"/>
      </object_component>
      <object_component id="oc-213">
         <name>.text:SysCtlClockSet</name>
         <load_address>0x25ec</load_address>
         <run_address>0x25ec</run_address>
         <size>0xf4</size>
         <input_file_ref idref="fl-f6"/>
      </object_component>
      <object_component id="oc-47b">
         <name>.text:free</name>
         <load_address>0x26e0</load_address>
         <run_address>0x26e0</run_address>
         <size>0xe4</size>
         <input_file_ref idref="fl-d6"/>
      </object_component>
      <object_component id="oc-3e2">
         <name>.text:setvbuf</name>
         <load_address>0x27c4</load_address>
         <run_address>0x27c4</run_address>
         <size>0xdc</size>
         <input_file_ref idref="fl-cc"/>
      </object_component>
      <object_component id="oc-e6">
         <name>.text</name>
         <load_address>0x28a0</load_address>
         <run_address>0x28a0</run_address>
         <size>0xc8</size>
         <input_file_ref idref="fl-f3"/>
      </object_component>
      <object_component id="oc-f8">
         <name>.text</name>
         <load_address>0x2968</load_address>
         <run_address>0x2968</run_address>
         <size>0xc0</size>
         <input_file_ref idref="fl-f0"/>
      </object_component>
      <object_component id="oc-378">
         <name>.text:_ltostr</name>
         <load_address>0x2a28</load_address>
         <run_address>0x2a28</run_address>
         <size>0xb1</size>
         <input_file_ref idref="fl-fc"/>
      </object_component>
      <object_component id="oc-3e">
         <name>.text</name>
         <load_address>0x2ada</load_address>
         <run_address>0x2ada</run_address>
         <size>0x9c</size>
         <input_file_ref idref="fl-cd"/>
      </object_component>
      <object_component id="oc-20d">
         <name>.text</name>
         <load_address>0x2b76</load_address>
         <run_address>0x2b76</run_address>
         <size>0x96</size>
         <input_file_ref idref="fl-fb"/>
      </object_component>
      <object_component id="oc-37e">
         <name>.text:__aeabi_cdcmple</name>
         <load_address>0x2c0c</load_address>
         <run_address>0x2c0c</run_address>
         <size>0x86</size>
         <input_file_ref idref="fl-ff"/>
      </object_component>
      <object_component id="oc-40d">
         <name>.text:__aeabi_cdrcmple</name>
         <load_address>0x2c92</load_address>
         <run_address>0x2c92</run_address>
         <size>0x86</size>
         <input_file_ref idref="fl-ff"/>
      </object_component>
      <object_component id="oc-ec">
         <name>.text</name>
         <load_address>0x2d18</load_address>
         <run_address>0x2d18</run_address>
         <size>0x84</size>
         <input_file_ref idref="fl-f1"/>
      </object_component>
      <object_component id="oc-276">
         <name>.text:fflush</name>
         <load_address>0x2d9c</load_address>
         <run_address>0x2d9c</run_address>
         <size>0x7c</size>
         <input_file_ref idref="fl-c9"/>
      </object_component>
      <object_component id="oc-96">
         <name>.text</name>
         <load_address>0x2e18</load_address>
         <run_address>0x2e18</run_address>
         <size>0x7a</size>
         <input_file_ref idref="fl-ce"/>
      </object_component>
      <object_component id="oc-4f8">
         <name>.text:__TI_closefile</name>
         <load_address>0x2e94</load_address>
         <run_address>0x2e94</run_address>
         <size>0x74</size>
         <input_file_ref idref="fl-e6"/>
      </object_component>
      <object_component id="oc-546">
         <name>.text:split</name>
         <load_address>0x2f08</load_address>
         <run_address>0x2f08</run_address>
         <size>0x70</size>
         <input_file_ref idref="fl-d6"/>
      </object_component>
      <object_component id="oc-42d">
         <name>.text:_mcpy</name>
         <load_address>0x2f78</load_address>
         <run_address>0x2f78</run_address>
         <size>0x6e</size>
         <input_file_ref idref="fl-fc"/>
      </object_component>
      <object_component id="oc-525">
         <name>.text:HOSTrename</name>
         <load_address>0x2fe8</load_address>
         <run_address>0x2fe8</run_address>
         <size>0x6c</size>
         <input_file_ref idref="fl-e0"/>
      </object_component>
      <object_component id="oc-519">
         <name>.text:HOSTlseek</name>
         <load_address>0x3054</load_address>
         <run_address>0x3054</run_address>
         <size>0x68</size>
         <input_file_ref idref="fl-dd"/>
      </object_component>
      <object_component id="oc-221">
         <name>.text:IntEnable</name>
         <load_address>0x30bc</load_address>
         <run_address>0x30bc</run_address>
         <size>0x68</size>
         <input_file_ref idref="fl-f5"/>
      </object_component>
      <object_component id="oc-15">
         <name>.text:decompress:lzss:__TI_decompress_lzss</name>
         <load_address>0x3124</load_address>
         <run_address>0x3124</run_address>
         <size>0x68</size>
         <input_file_ref idref="fl-c5"/>
      </object_component>
      <object_component id="oc-442">
         <name>.text:frexp</name>
         <load_address>0x318c</load_address>
         <run_address>0x318c</run_address>
         <size>0x64</size>
         <input_file_ref idref="fl-10a"/>
      </object_component>
      <object_component id="oc-3dc">
         <name>.text:fseek</name>
         <load_address>0x31f0</load_address>
         <run_address>0x31f0</run_address>
         <size>0x64</size>
         <input_file_ref idref="fl-db"/>
      </object_component>
      <object_component id="oc-330">
         <name>.text:__TI_wrt_ok</name>
         <load_address>0x3254</load_address>
         <run_address>0x3254</run_address>
         <size>0x62</size>
         <input_file_ref idref="fl-cb"/>
      </object_component>
      <object_component id="oc-501">
         <name>.text:HOSTopen</name>
         <load_address>0x32b8</load_address>
         <run_address>0x32b8</run_address>
         <size>0x60</size>
         <input_file_ref idref="fl-de"/>
      </object_component>
      <object_component id="oc-54d">
         <name>.text:close</name>
         <load_address>0x3318</load_address>
         <run_address>0x3318</run_address>
         <size>0x5c</size>
         <input_file_ref idref="fl-ed"/>
      </object_component>
      <object_component id="oc-1e2">
         <name>.text:GPIOIntTypeSet</name>
         <load_address>0x3374</load_address>
         <run_address>0x3374</run_address>
         <size>0x58</size>
         <input_file_ref idref="fl-f4"/>
      </object_component>
      <object_component id="oc-50d">
         <name>.text:HOSTread</name>
         <load_address>0x33cc</load_address>
         <run_address>0x33cc</run_address>
         <size>0x58</size>
         <input_file_ref idref="fl-df"/>
      </object_component>
      <object_component id="oc-513">
         <name>.text:HOSTwrite</name>
         <load_address>0x3424</load_address>
         <run_address>0x3424</run_address>
         <size>0x58</size>
         <input_file_ref idref="fl-e2"/>
      </object_component>
      <object_component id="oc-389">
         <name>.text:_pconv_f</name>
         <load_address>0x347c</load_address>
         <run_address>0x347c</run_address>
         <size>0x56</size>
         <input_file_ref idref="fl-fc"/>
      </object_component>
      <object_component id="oc-417">
         <name>.text:__TI_ltoa</name>
         <load_address>0x34d2</load_address>
         <run_address>0x34d2</run_address>
         <size>0x54</size>
         <input_file_ref idref="fl-104"/>
      </object_component>
      <object_component id="oc-427">
         <name>.text:_ecpy</name>
         <load_address>0x3526</load_address>
         <run_address>0x3526</run_address>
         <size>0x52</size>
         <input_file_ref idref="fl-fc"/>
      </object_component>
      <object_component id="oc-19d">
         <name>.text:GPIOPinConfigure</name>
         <load_address>0x3578</load_address>
         <run_address>0x3578</run_address>
         <size>0x4c</size>
         <input_file_ref idref="fl-f4"/>
      </object_component>
      <object_component id="oc-342">
         <name>.text:__TI_doflush</name>
         <load_address>0x35c4</load_address>
         <run_address>0x35c4</run_address>
         <size>0x4c</size>
         <input_file_ref idref="fl-c9"/>
      </object_component>
      <object_component id="oc-372">
         <name>.text:atoi</name>
         <load_address>0x3610</load_address>
         <run_address>0x3610</run_address>
         <size>0x4c</size>
         <input_file_ref idref="fl-105"/>
      </object_component>
      <object_component id="oc-11e">
         <name>.text:exit</name>
         <load_address>0x365c</load_address>
         <run_address>0x365c</run_address>
         <size>0x48</size>
         <input_file_ref idref="fl-d2"/>
      </object_component>
      <object_component id="oc-412">
         <name>.text</name>
         <load_address>0x36a4</load_address>
         <run_address>0x36a4</run_address>
         <size>0x48</size>
         <input_file_ref idref="fl-102"/>
      </object_component>
      <object_component id="oc-1a9">
         <name>.text:UARTConfigSetExpClk</name>
         <load_address>0x36ec</load_address>
         <run_address>0x36ec</run_address>
         <size>0x46</size>
         <input_file_ref idref="fl-f8"/>
      </object_component>
      <object_component id="oc-507">
         <name>.text:HOSTclose</name>
         <load_address>0x3734</load_address>
         <run_address>0x3734</run_address>
         <size>0x44</size>
         <input_file_ref idref="fl-dc"/>
      </object_component>
      <object_component id="oc-51f">
         <name>.text:HOSTunlink</name>
         <load_address>0x3778</load_address>
         <run_address>0x3778</run_address>
         <size>0x44</size>
         <input_file_ref idref="fl-e1"/>
      </object_component>
      <object_component id="oc-2d6">
         <name>.text:_GPIOIntNumberGet</name>
         <load_address>0x37bc</load_address>
         <run_address>0x37bc</run_address>
         <size>0x44</size>
         <input_file_ref idref="fl-f4"/>
      </object_component>
      <object_component id="oc-124">
         <name>.text:__TI_auto_init_nobinit_nopinit:__TI_auto_init_nobinit_nopinit</name>
         <load_address>0x3800</load_address>
         <run_address>0x3800</run_address>
         <size>0x44</size>
         <input_file_ref idref="fl-cf"/>
      </object_component>
      <object_component id="oc-583">
         <name>.text:getdevice</name>
         <load_address>0x3844</load_address>
         <run_address>0x3844</run_address>
         <size>0x44</size>
         <input_file_ref idref="fl-e7"/>
      </object_component>
      <object_component id="oc-1bb">
         <name>.text:vsnprintf</name>
         <load_address>0x3888</load_address>
         <run_address>0x3888</run_address>
         <size>0x40</size>
         <input_file_ref idref="fl-fa"/>
      </object_component>
      <object_component id="oc-43a">
         <name>.text:_fcpy</name>
         <load_address>0x38c8</load_address>
         <run_address>0x38c8</run_address>
         <size>0x3e</size>
         <input_file_ref idref="fl-fc"/>
      </object_component>
      <object_component id="oc-21b">
         <name>.text:SysCtlPeripheralReady</name>
         <load_address>0x3908</load_address>
         <run_address>0x3908</run_address>
         <size>0x38</size>
         <input_file_ref idref="fl-f6"/>
      </object_component>
      <object_component id="oc-55c">
         <name>.text:__TI_writemsg</name>
         <load_address>0x3940</load_address>
         <run_address>0x3940</run_address>
         <size>0x38</size>
         <input_file_ref idref="fl-e3"/>
      </object_component>
      <object_component id="oc-5a5">
         <name>.text:strncpy</name>
         <load_address>0x3978</load_address>
         <run_address>0x3978</run_address>
         <size>0x36</size>
         <input_file_ref idref="fl-eb"/>
      </object_component>
      <object_component id="oc-263">
         <name>.text:IntRegister</name>
         <load_address>0x39b0</load_address>
         <run_address>0x39b0</run_address>
         <size>0x34</size>
         <input_file_ref idref="fl-f5"/>
      </object_component>
      <object_component id="oc-197">
         <name>.text:SysCtlPeripheralEnable</name>
         <load_address>0x39e4</load_address>
         <run_address>0x39e4</run_address>
         <size>0x34</size>
         <input_file_ref idref="fl-f6"/>
      </object_component>
      <object_component id="oc-487">
         <name>.text:__TI_cleanup</name>
         <load_address>0x3a18</load_address>
         <run_address>0x3a18</run_address>
         <size>0x34</size>
         <input_file_ref idref="fl-da"/>
      </object_component>
      <object_component id="oc-562">
         <name>.text:__TI_readmsg</name>
         <load_address>0x3a4c</load_address>
         <run_address>0x3a4c</run_address>
         <size>0x34</size>
         <input_file_ref idref="fl-e3"/>
      </object_component>
      <object_component id="oc-5c">
         <name>.text:_c_int00_noargs:_c_int00_noargs</name>
         <load_address>0x3a80</load_address>
         <run_address>0x3a80</run_address>
         <size>0x34</size>
         <input_file_ref idref="fl-c8"/>
      </object_component>
      <object_component id="oc-2b4">
         <name>.text:_outs</name>
         <load_address>0x3ab4</load_address>
         <run_address>0x3ab4</run_address>
         <size>0x30</size>
         <input_file_ref idref="fl-fa"/>
      </object_component>
      <object_component id="oc-5ab">
         <name>.text:finddevice</name>
         <load_address>0x3ae4</load_address>
         <run_address>0x3ae4</run_address>
         <size>0x30</size>
         <input_file_ref idref="fl-e7"/>
      </object_component>
      <object_component id="oc-41d">
         <name>.text</name>
         <load_address>0x3b14</load_address>
         <run_address>0x3b14</run_address>
         <size>0x2e</size>
         <input_file_ref idref="fl-103"/>
      </object_component>
      <object_component id="oc-297">
         <name>.text:GPIODirModeSet</name>
         <load_address>0x3b42</load_address>
         <run_address>0x3b42</run_address>
         <size>0x2c</size>
         <input_file_ref idref="fl-f4"/>
      </object_component>
      <object_component id="oc-d6">
         <name>.text</name>
         <load_address>0x3b70</load_address>
         <run_address>0x3b70</run_address>
         <size>0x2c</size>
         <input_file_ref idref="fl-3"/>
      </object_component>
      <object_component id="oc-553">
         <name>.text:unlink</name>
         <load_address>0x3b9c</load_address>
         <run_address>0x3b9c</run_address>
         <size>0x2c</size>
         <input_file_ref idref="fl-ee"/>
      </object_component>
      <object_component id="oc-4ea">
         <name>.text:free_list_insert</name>
         <load_address>0x3bc8</load_address>
         <run_address>0x3bc8</run_address>
         <size>0x28</size>
         <input_file_ref idref="fl-d6"/>
      </object_component>
      <object_component id="oc-473">
         <name>.text:lseek</name>
         <load_address>0x3bf0</load_address>
         <run_address>0x3bf0</run_address>
         <size>0x28</size>
         <input_file_ref idref="fl-e5"/>
      </object_component>
      <object_component id="oc-348">
         <name>.text:write</name>
         <load_address>0x3c18</load_address>
         <run_address>0x3c18</run_address>
         <size>0x28</size>
         <input_file_ref idref="fl-d8"/>
      </object_component>
      <object_component id="oc-1e8">
         <name>.text:IntPrioritySet</name>
         <load_address>0x3c40</load_address>
         <run_address>0x3c40</run_address>
         <size>0x24</size>
         <input_file_ref idref="fl-f5"/>
      </object_component>
      <object_component id="oc-29e">
         <name>.text:UARTDisable</name>
         <load_address>0x3c64</load_address>
         <run_address>0x3c64</run_address>
         <size>0x20</size>
         <input_file_ref idref="fl-f8"/>
      </object_component>
      <object_component id="oc-33c">
         <name>.text:memchr</name>
         <load_address>0x3c84</load_address>
         <run_address>0x3c84</run_address>
         <size>0x20</size>
         <input_file_ref idref="fl-d5"/>
      </object_component>
      <object_component id="oc-16b">
         <name>.text:SysTickIntRegister</name>
         <load_address>0x3ca4</load_address>
         <run_address>0x3ca4</run_address>
         <size>0x1c</size>
         <input_file_ref idref="fl-f7"/>
      </object_component>
      <object_component id="oc-183">
         <name>.text:_abort_msg</name>
         <load_address>0x3cc0</load_address>
         <run_address>0x3cc0</run_address>
         <size>0x1c</size>
         <input_file_ref idref="fl-c6"/>
      </object_component>
      <object_component id="oc-fe">
         <name>.text</name>
         <load_address>0x3cdc</load_address>
         <run_address>0x3cdc</run_address>
         <size>0x1c</size>
         <input_file_ref idref="fl-2"/>
      </object_component>
      <object_component id="oc-4e4">
         <name>.text:free_list_remove</name>
         <load_address>0x3cf8</load_address>
         <run_address>0x3cf8</run_address>
         <size>0x1c</size>
         <input_file_ref idref="fl-d6"/>
      </object_component>
      <object_component id="oc-39b">
         <name>.text:memccpy</name>
         <load_address>0x3d14</load_address>
         <run_address>0x3d14</run_address>
         <size>0x1c</size>
         <input_file_ref idref="fl-107"/>
      </object_component>
      <object_component id="oc-1c9">
         <name>.text:GPIOPinTypeGPIOOutput</name>
         <load_address>0x3d30</load_address>
         <run_address>0x3d30</run_address>
         <size>0x1a</size>
         <input_file_ref idref="fl-f4"/>
      </object_component>
      <object_component id="oc-4c4">
         <name>.text:copysign</name>
         <load_address>0x3d4a</load_address>
         <run_address>0x3d4a</run_address>
         <size>0x1a</size>
         <input_file_ref idref="fl-10c"/>
      </object_component>
      <object_component id="oc-e1">
         <name>.text</name>
         <load_address>0x3d64</load_address>
         <run_address>0x3d64</run_address>
         <size>0x1a</size>
         <input_file_ref idref="fl-6"/>
      </object_component>
      <object_component id="oc-1dc">
         <name>.text:GPIOIntRegister</name>
         <load_address>0x3d7e</load_address>
         <run_address>0x3d7e</run_address>
         <size>0x18</size>
         <input_file_ref idref="fl-f4"/>
      </object_component>
      <object_component id="oc-2ba">
         <name>.text:_outc</name>
         <load_address>0x3d96</load_address>
         <run_address>0x3d96</run_address>
         <size>0x18</size>
         <input_file_ref idref="fl-fa"/>
      </object_component>
      <object_component id="oc-5c2">
         <name>.text:strcmp</name>
         <load_address>0x3dae</load_address>
         <run_address>0x3dae</run_address>
         <size>0x18</size>
         <input_file_ref idref="fl-e9"/>
      </object_component>
      <object_component id="oc-1f4">
         <name>.text:EventInitialized</name>
         <load_address>0x3dc6</load_address>
         <run_address>0x3dc6</run_address>
         <size>0x16</size>
         <input_file_ref idref="fl-4"/>
      </object_component>
      <object_component id="oc-1d0">
         <name>.text:GPIOPinTypeGPIOInput</name>
         <load_address>0x3ddc</load_address>
         <run_address>0x3ddc</run_address>
         <size>0x16</size>
         <input_file_ref idref="fl-f4"/>
      </object_component>
      <object_component id="oc-1a3">
         <name>.text:GPIOPinTypeUART</name>
         <load_address>0x3df2</load_address>
         <run_address>0x3df2</run_address>
         <size>0x16</size>
         <input_file_ref idref="fl-f4"/>
      </object_component>
      <object_component id="oc-44e">
         <name>.text:strchr</name>
         <load_address>0x3e08</load_address>
         <run_address>0x3e08</run_address>
         <size>0x16</size>
         <input_file_ref idref="fl-e8"/>
      </object_component>
      <object_component id="oc-177">
         <name>.text:SysTickEnable</name>
         <load_address>0x3e20</load_address>
         <run_address>0x3e20</run_address>
         <size>0x14</size>
         <input_file_ref idref="fl-f7"/>
      </object_component>
      <object_component id="oc-171">
         <name>.text:SysTickIntEnable</name>
         <load_address>0x3e34</load_address>
         <run_address>0x3e34</run_address>
         <size>0x14</size>
         <input_file_ref idref="fl-f7"/>
      </object_component>
      <object_component id="oc-2a4">
         <name>.text:UARTEnable</name>
         <load_address>0x3e48</load_address>
         <run_address>0x3e48</run_address>
         <size>0x14</size>
         <input_file_ref idref="fl-f8"/>
      </object_component>
      <object_component id="oc-576">
         <name>.text:strcpy</name>
         <load_address>0x3e5c</load_address>
         <run_address>0x3e5c</run_address>
         <size>0x14</size>
         <input_file_ref idref="fl-ea"/>
      </object_component>
      <object_component id="oc-336">
         <name>.text:strlen</name>
         <load_address>0x3e70</load_address>
         <run_address>0x3e70</run_address>
         <size>0x14</size>
         <input_file_ref idref="fl-d7"/>
      </object_component>
      <object_component id="oc-3a1">
         <name>.text:wcslen</name>
         <load_address>0x3e84</load_address>
         <run_address>0x3e84</run_address>
         <size>0x12</size>
         <input_file_ref idref="fl-109"/>
      </object_component>
      <object_component id="oc-165">
         <name>.text:SysTickPeriodSet</name>
         <load_address>0x3e98</load_address>
         <run_address>0x3e98</run_address>
         <size>0x10</size>
         <input_file_ref idref="fl-f7"/>
      </object_component>
      <object_component id="oc-1b">
         <name>.text:decompress:none:__TI_decompress_none</name>
         <load_address>0x3ea8</load_address>
         <run_address>0x3ea8</run_address>
         <size>0xe</size>
         <input_file_ref idref="fl-c4"/>
      </object_component>
      <object_component id="oc-1ee">
         <name>.text:GPIOIntEnable</name>
         <load_address>0x3eb6</load_address>
         <run_address>0x3eb6</run_address>
         <size>0xc</size>
         <input_file_ref idref="fl-f4"/>
      </object_component>
      <object_component id="oc-50">
         <name>.text:decompress:ZI:__TI_zero_init</name>
         <load_address>0x3ec2</load_address>
         <run_address>0x3ec2</run_address>
         <size>0xc</size>
         <input_file_ref idref="fl-c3"/>
      </object_component>
      <object_component id="oc-2a">
         <name>.text</name>
         <load_address>0x3ece</load_address>
         <run_address>0x3ece</run_address>
         <size>0xc</size>
         <input_file_ref idref="fl-7"/>
      </object_component>
      <object_component id="oc-1b5">
         <name>.text:UARTCharGet</name>
         <load_address>0x3eda</load_address>
         <run_address>0x3eda</run_address>
         <size>0xa</size>
         <input_file_ref idref="fl-f8"/>
      </object_component>
      <object_component id="oc-1af">
         <name>.text:UARTCharPut</name>
         <load_address>0x3ee4</load_address>
         <run_address>0x3ee4</run_address>
         <size>0xa</size>
         <input_file_ref idref="fl-f8"/>
      </object_component>
      <object_component id="oc-3a7">
         <name>.text:__aeabi_errno_addr</name>
         <load_address>0x3ef0</load_address>
         <run_address>0x3ef0</run_address>
         <size>0x8</size>
         <input_file_ref idref="fl-108"/>
      </object_component>
      <object_component id="oc-481">
         <name>.text:malloc</name>
         <load_address>0x3ef8</load_address>
         <run_address>0x3ef8</run_address>
         <size>0x8</size>
         <input_file_ref idref="fl-d6"/>
      </object_component>
      <object_component id="oc-201">
         <name>.text:GPIOIntClear</name>
         <load_address>0x3f00</load_address>
         <run_address>0x3f00</run_address>
         <size>0x6</size>
         <input_file_ref idref="fl-f4"/>
      </object_component>
      <object_component id="oc-1fb">
         <name>.text:GPIOPinRead</name>
         <load_address>0x3f06</load_address>
         <run_address>0x3f06</run_address>
         <size>0x6</size>
         <input_file_ref idref="fl-f4"/>
      </object_component>
      <object_component id="oc-158">
         <name>.text:GPIOPinWrite</name>
         <load_address>0x3f0c</load_address>
         <run_address>0x3f0c</run_address>
         <size>0x6</size>
         <input_file_ref idref="fl-f4"/>
      </object_component>
      <object_component id="oc-212">
         <name>.text:SysCtlDelay</name>
         <load_address>0x3f12</load_address>
         <run_address>0x3f12</run_address>
         <size>0x6</size>
         <input_file_ref idref="fl-f6"/>
      </object_component>
      <object_component id="oc-9c">
         <name>.text:_system_pre_init</name>
         <load_address>0x3f18</load_address>
         <run_address>0x3f18</run_address>
         <size>0x4</size>
         <input_file_ref idref="fl-d0"/>
      </object_component>
      <object_component id="oc-118">
         <name>.text:abort:abort</name>
         <load_address>0x3f1c</load_address>
         <run_address>0x3f1c</run_address>
         <size>0x4</size>
         <input_file_ref idref="fl-d2"/>
      </object_component>
      <object_component id="oc-3fc">
         <name>.const:.string:_ctypes_</name>
         <load_address>0x3f20</load_address>
         <run_address>0x3f20</run_address>
         <size>0x101</size>
         <input_file_ref idref="fl-106"/>
      </object_component>
      <object_component id="oc-3c0">
         <name>.const:g_ppui32GPIOIntMapSnowflake</name>
         <load_address>0x4024</load_address>
         <run_address>0x4024</run_address>
         <size>0xd8</size>
         <input_file_ref idref="fl-f4"/>
      </object_component>
      <object_component id="oc-3bd">
         <name>.const:g_ppui32GPIOIntMapBlizzard</name>
         <load_address>0x40fc</load_address>
         <run_address>0x40fc</run_address>
         <size>0xc0</size>
         <input_file_ref idref="fl-f4"/>
      </object_component>
      <object_component id="oc-2de">
         <name>.const:g_pui32Regs</name>
         <load_address>0x41bc</load_address>
         <run_address>0x41bc</run_address>
         <size>0x9c</size>
         <input_file_ref idref="fl-f5"/>
      </object_component>
      <object_component id="oc-293">
         <name>.const:g_pui32GPIOBaseAddrs</name>
         <load_address>0x4258</load_address>
         <run_address>0x4258</run_address>
         <size>0x90</size>
         <input_file_ref idref="fl-f4"/>
      </object_component>
      <object_component id="oc-25d">
         <name>.const:g_pui32Xtals</name>
         <load_address>0x42e8</load_address>
         <run_address>0x42e8</run_address>
         <size>0x6c</size>
         <input_file_ref idref="fl-f6"/>
      </object_component>
      <object_component id="oc-2f7">
         <name>.const:g_pui32EnRegs</name>
         <load_address>0x4354</load_address>
         <run_address>0x4354</run_address>
         <size>0x14</size>
         <input_file_ref idref="fl-f5"/>
      </object_component>
      <object_component id="oc-5fd">
         <name>.cinit..data.load</name>
         <load_address>0x4368</load_address>
         <run_address>0x4368</run_address>
         <size>0x6c</size>
      </object_component>
      <object_component id="oc-5fa">
         <name>__TI_handler_table</name>
         <load_address>0x43d4</load_address>
         <run_address>0x43d4</run_address>
         <size>0xc</size>
      </object_component>
      <object_component id="oc-5fe">
         <name>.cinit..bss.load</name>
         <load_address>0x43e0</load_address>
         <run_address>0x43e0</run_address>
         <size>0x8</size>
      </object_component>
      <object_component id="oc-5fc">
         <name>.cinit..vtable.load</name>
         <load_address>0x43e8</load_address>
         <run_address>0x43e8</run_address>
         <size>0x8</size>
      </object_component>
      <object_component id="oc-5fb">
         <name>__TI_cinit_table</name>
         <load_address>0x43f0</load_address>
         <run_address>0x43f0</run_address>
         <size>0x18</size>
      </object_component>
      <object_component id="oc-32c">
         <name>.vtable</name>
         <uninitialized>true</uninitialized>
         <run_address>0x20000000</run_address>
         <size>0x26c</size>
         <input_file_ref idref="fl-f5"/>
      </object_component>
      <object_component id="oc-10a">
         <name>.data:sys</name>
         <load_address>0x200017dd</load_address>
         <run_address>0x200017dd</run_address>
         <size>0x3</size>
         <input_file_ref idref="fl-4"/>
      </object_component>
      <object_component id="oc-27c">
         <name>.data:_ftable</name>
         <load_address>0x200015f4</load_address>
         <run_address>0x200015f4</run_address>
         <size>0xf0</size>
         <input_file_ref idref="fl-c7"/>
      </object_component>
      <object_component id="oc-350">
         <name>.data</name>
         <load_address>0x200017ac</load_address>
         <run_address>0x200017ac</run_address>
         <size>0x10</size>
         <input_file_ref idref="fl-c7"/>
      </object_component>
      <object_component id="oc-237">
         <name>.data:$O1$$</name>
         <load_address>0x200017bc</load_address>
         <run_address>0x200017bc</run_address>
         <size>0xc</size>
         <input_file_ref idref="fl-d2"/>
      </object_component>
      <object_component id="oc-23a">
         <name>.data:$O1$$</name>
         <load_address>0x200017c8</load_address>
         <run_address>0x200017c8</run_address>
         <size>0x8</size>
         <input_file_ref idref="fl-d3"/>
      </object_component>
      <object_component id="oc-541">
         <name>.data:$O1$$</name>
         <load_address>0x200017d0</load_address>
         <run_address>0x200017d0</run_address>
         <size>0x8</size>
         <input_file_ref idref="fl-d6"/>
      </object_component>
      <object_component id="oc-49a">
         <name>.data:_device</name>
         <load_address>0x200016e4</load_address>
         <run_address>0x200016e4</run_address>
         <size>0x78</size>
         <input_file_ref idref="fl-d9"/>
      </object_component>
      <object_component id="oc-3ef">
         <name>.data:_stream</name>
         <load_address>0x2000175c</load_address>
         <run_address>0x2000175c</run_address>
         <size>0x50</size>
         <input_file_ref idref="fl-d9"/>
      </object_component>
      <object_component id="oc-189">
         <name>.data</name>
         <load_address>0x200017d8</load_address>
         <run_address>0x200017d8</run_address>
         <size>0x5</size>
         <input_file_ref idref="fl-ef"/>
      </object_component>
      <object_component id="oc-20a">
         <name>.data</name>
         <load_address>0x200017e0</load_address>
         <run_address>0x200017e0</run_address>
         <size>0x4</size>
         <input_file_ref idref="fl-f2"/>
      </object_component>
      <object_component id="oc-45e">
         <name>.data</name>
         <load_address>0x200017e4</load_address>
         <run_address>0x200017e4</run_address>
         <size>0x4</size>
         <input_file_ref idref="fl-108"/>
      </object_component>
      <object_component id="oc-58d">
         <name>.bss:_CIOBUF_</name>
         <uninitialized>true</uninitialized>
         <run_address>0x20001270</run_address>
         <size>0x120</size>
         <input_file_ref idref="fl-e3"/>
      </object_component>
      <object_component id="oc-17d">
         <name>.bss:bin_head</name>
         <uninitialized>true</uninitialized>
         <run_address>0x20001390</run_address>
         <size>0x100</size>
         <input_file_ref idref="fl-ef"/>
      </object_component>
      <object_component id="oc-180">
         <name>.bss:bin_head_heap</name>
         <uninitialized>true</uninitialized>
         <run_address>0x200015c0</run_address>
         <size>0x10</size>
         <input_file_ref idref="fl-ef"/>
      </object_component>
      <object_component id="oc-207">
         <name>.bss:push_button</name>
         <uninitialized>true</uninitialized>
         <run_address>0x200015d0</run_address>
         <size>0x10</size>
         <input_file_ref idref="fl-f2"/>
      </object_component>
      <object_component id="oc-1c1">
         <name>.bss:buffer$1</name>
         <uninitialized>true</uninitialized>
         <run_address>0x20001530</run_address>
         <size>0x54</size>
         <input_file_ref idref="fl-f3"/>
      </object_component>
      <object_component id="oc-10d">
         <name>.common:buzzer_play_event</name>
         <uninitialized>true</uninitialized>
         <run_address>0x20001584</run_address>
         <size>0x14</size>
      </object_component>
      <object_component id="oc-110">
         <name>.common:check_push_button_event</name>
         <uninitialized>true</uninitialized>
         <run_address>0x20001598</run_address>
         <size>0x14</size>
      </object_component>
      <object_component id="oc-111">
         <name>.common:motion_sensor_event</name>
         <uninitialized>true</uninitialized>
         <run_address>0x200015ac</run_address>
         <size>0x14</size>
      </object_component>
      <object_component id="oc-193">
         <name>.common:motion_sensor</name>
         <uninitialized>true</uninitialized>
         <run_address>0x200015e0</run_address>
         <size>0xc</size>
      </object_component>
      <object_component id="oc-559">
         <name>.common:__TI_tmpnams</name>
         <uninitialized>true</uninitialized>
         <run_address>0x20001490</run_address>
         <size>0xa0</size>
      </object_component>
      <object_component id="oc-568">
         <name>.common:parmbuf</name>
         <uninitialized>true</uninitialized>
         <run_address>0x200015ec</run_address>
         <size>0x8</size>
      </object_component>
      <object_component id="oc-27">
         <name>.sysmem</name>
         <uninitialized>true</uninitialized>
         <run_address>0x20000a70</run_address>
         <size>0x10</size>
         <input_file_ref idref="fl-d6"/>
      </object_component>
      <object_component id="oc-601">
         <name>.sysmem</name>
         <uninitialized>true</uninitialized>
         <run_address>0x20000a70</run_address>
         <size>0x0</size>
      </object_component>
      <object_component id="oc-24">
         <name>.stack</name>
         <uninitialized>true</uninitialized>
         <run_address>0x20000270</run_address>
         <size>0x4</size>
         <input_file_ref idref="fl-c8"/>
      </object_component>
      <object_component id="oc-600">
         <name>.stack</name>
         <uninitialized>true</uninitialized>
         <run_address>0x20000270</run_address>
         <size>0x0</size>
      </object_component>
      <object_component id="oc-c5">
         <name>.debug_info</name>
         <load_address>0x0</load_address>
         <run_address>0x0</run_address>
         <size>0x2dc</size>
         <input_file_ref idref="fl-2"/>
      </object_component>
      <object_component id="oc-ff">
         <name>.debug_info</name>
         <load_address>0x2dc</load_address>
         <run_address>0x2dc</run_address>
         <size>0x13c</size>
         <input_file_ref idref="fl-2"/>
      </object_component>
      <object_component id="oc-77">
         <name>.debug_info</name>
         <load_address>0x418</load_address>
         <run_address>0x418</run_address>
         <size>0x26b</size>
         <input_file_ref idref="fl-2"/>
      </object_component>
      <object_component id="oc-39">
         <name>.debug_info</name>
         <load_address>0x683</load_address>
         <run_address>0x683</run_address>
         <size>0x84</size>
         <input_file_ref idref="fl-2"/>
      </object_component>
      <object_component id="oc-c0">
         <name>.debug_info</name>
         <load_address>0x707</load_address>
         <run_address>0x707</run_address>
         <size>0x2a4</size>
         <input_file_ref idref="fl-2"/>
      </object_component>
      <object_component id="oc-7c">
         <name>.debug_info</name>
         <load_address>0x9ab</load_address>
         <run_address>0x9ab</run_address>
         <size>0xbb</size>
         <input_file_ref idref="fl-2"/>
      </object_component>
      <object_component id="oc-d9">
         <name>.debug_info</name>
         <load_address>0xa66</load_address>
         <run_address>0xa66</run_address>
         <size>0x138</size>
         <input_file_ref idref="fl-3"/>
      </object_component>
      <object_component id="oc-10e">
         <name>.debug_info</name>
         <load_address>0xb9e</load_address>
         <run_address>0xb9e</run_address>
         <size>0x54b</size>
         <input_file_ref idref="fl-4"/>
      </object_component>
      <object_component id="oc-10b">
         <name>.debug_info</name>
         <load_address>0x10e9</load_address>
         <run_address>0x10e9</run_address>
         <size>0xc9</size>
         <input_file_ref idref="fl-4"/>
      </object_component>
      <object_component id="oc-1f5">
         <name>.debug_info</name>
         <load_address>0x11b2</load_address>
         <run_address>0x11b2</run_address>
         <size>0x189</size>
         <input_file_ref idref="fl-4"/>
      </object_component>
      <object_component id="oc-a3">
         <name>.debug_info</name>
         <load_address>0x133b</load_address>
         <run_address>0x133b</run_address>
         <size>0x475</size>
         <input_file_ref idref="fl-4"/>
      </object_component>
      <object_component id="oc-231">
         <name>.debug_info</name>
         <load_address>0x17b0</load_address>
         <run_address>0x17b0</run_address>
         <size>0x118</size>
         <input_file_ref idref="fl-4"/>
      </object_component>
      <object_component id="oc-22a">
         <name>.debug_info</name>
         <load_address>0x18c8</load_address>
         <run_address>0x18c8</run_address>
         <size>0x72</size>
         <input_file_ref idref="fl-4"/>
      </object_component>
      <object_component id="oc-113">
         <name>.debug_info</name>
         <load_address>0x193a</load_address>
         <run_address>0x193a</run_address>
         <size>0x8b</size>
         <input_file_ref idref="fl-4"/>
      </object_component>
      <object_component id="oc-2ce">
         <name>.debug_info</name>
         <load_address>0x19c5</load_address>
         <run_address>0x19c5</run_address>
         <size>0xcc</size>
         <input_file_ref idref="fl-4"/>
      </object_component>
      <object_component id="oc-1c4">
         <name>.debug_info</name>
         <load_address>0x1a91</load_address>
         <run_address>0x1a91</run_address>
         <size>0x2c</size>
         <input_file_ref idref="fl-4"/>
      </object_component>
      <object_component id="oc-194">
         <name>.debug_info</name>
         <load_address>0x1abd</load_address>
         <run_address>0x1abd</run_address>
         <size>0x529</size>
         <input_file_ref idref="fl-5"/>
      </object_component>
      <object_component id="oc-106">
         <name>.debug_info</name>
         <load_address>0x1fe6</load_address>
         <run_address>0x1fe6</run_address>
         <size>0x364</size>
         <input_file_ref idref="fl-5"/>
      </object_component>
      <object_component id="oc-28c">
         <name>.debug_info</name>
         <load_address>0x234a</load_address>
         <run_address>0x234a</run_address>
         <size>0x72</size>
         <input_file_ref idref="fl-5"/>
      </object_component>
      <object_component id="oc-e3">
         <name>.debug_info</name>
         <load_address>0x23bc</load_address>
         <run_address>0x23bc</run_address>
         <size>0xee</size>
         <input_file_ref idref="fl-6"/>
      </object_component>
      <object_component id="oc-32">
         <name>.debug_info</name>
         <load_address>0x24aa</load_address>
         <run_address>0x24aa</run_address>
         <size>0x2ac</size>
         <input_file_ref idref="fl-7"/>
      </object_component>
      <object_component id="oc-13">
         <name>.debug_info</name>
         <load_address>0x2756</load_address>
         <run_address>0x2756</run_address>
         <size>0xeb</size>
         <input_file_ref idref="fl-7"/>
      </object_component>
      <object_component id="oc-2c">
         <name>.debug_info</name>
         <load_address>0x2841</load_address>
         <run_address>0x2841</run_address>
         <size>0x267</size>
         <input_file_ref idref="fl-7"/>
      </object_component>
      <object_component id="oc-95">
         <name>.debug_info</name>
         <load_address>0x2aa8</load_address>
         <run_address>0x2aa8</run_address>
         <size>0x2d4</size>
         <input_file_ref idref="fl-c3"/>
      </object_component>
      <object_component id="oc-53">
         <name>.debug_info</name>
         <load_address>0x2d7c</load_address>
         <run_address>0x2d7c</run_address>
         <size>0x1b5</size>
         <input_file_ref idref="fl-c3"/>
      </object_component>
      <object_component id="oc-90">
         <name>.debug_info</name>
         <load_address>0x2f31</load_address>
         <run_address>0x2f31</run_address>
         <size>0x46</size>
         <input_file_ref idref="fl-c3"/>
      </object_component>
      <object_component id="oc-cd">
         <name>.debug_info</name>
         <load_address>0x2f77</load_address>
         <run_address>0x2f77</run_address>
         <size>0x2c</size>
         <input_file_ref idref="fl-c3"/>
      </object_component>
      <object_component id="oc-49">
         <name>.debug_info</name>
         <load_address>0x2fa3</load_address>
         <run_address>0x2fa3</run_address>
         <size>0x2a8</size>
         <input_file_ref idref="fl-c4"/>
      </object_component>
      <object_component id="oc-1f">
         <name>.debug_info</name>
         <load_address>0x324b</load_address>
         <run_address>0x324b</run_address>
         <size>0x1ea</size>
         <input_file_ref idref="fl-c4"/>
      </object_component>
      <object_component id="oc-44">
         <name>.debug_info</name>
         <load_address>0x3435</load_address>
         <run_address>0x3435</run_address>
         <size>0x46</size>
         <input_file_ref idref="fl-c4"/>
      </object_component>
      <object_component id="oc-88">
         <name>.debug_info</name>
         <load_address>0x347b</load_address>
         <run_address>0x347b</run_address>
         <size>0x2c</size>
         <input_file_ref idref="fl-c4"/>
      </object_component>
      <object_component id="oc-86">
         <name>.debug_info</name>
         <load_address>0x34a7</load_address>
         <run_address>0x34a7</run_address>
         <size>0x29e</size>
         <input_file_ref idref="fl-c5"/>
      </object_component>
      <object_component id="oc-19">
         <name>.debug_info</name>
         <load_address>0x3745</load_address>
         <run_address>0x3745</run_address>
         <size>0x250</size>
         <input_file_ref idref="fl-c5"/>
      </object_component>
      <object_component id="oc-34">
         <name>.debug_info</name>
         <load_address>0x3995</load_address>
         <run_address>0x3995</run_address>
         <size>0x60</size>
         <input_file_ref idref="fl-c5"/>
      </object_component>
      <object_component id="oc-c6">
         <name>.debug_info</name>
         <load_address>0x39f5</load_address>
         <run_address>0x39f5</run_address>
         <size>0x46</size>
         <input_file_ref idref="fl-c5"/>
      </object_component>
      <object_component id="oc-81">
         <name>.debug_info</name>
         <load_address>0x3a3b</load_address>
         <run_address>0x3a3b</run_address>
         <size>0x39</size>
         <input_file_ref idref="fl-c5"/>
      </object_component>
      <object_component id="oc-280">
         <name>.debug_info</name>
         <load_address>0x3a74</load_address>
         <run_address>0x3a74</run_address>
         <size>0x322</size>
         <input_file_ref idref="fl-c6"/>
      </object_component>
      <object_component id="oc-187">
         <name>.debug_info</name>
         <load_address>0x3d96</load_address>
         <run_address>0x3d96</run_address>
         <size>0x177</size>
         <input_file_ref idref="fl-c6"/>
      </object_component>
      <object_component id="oc-35b">
         <name>.debug_info</name>
         <load_address>0x3f0d</load_address>
         <run_address>0x3f0d</run_address>
         <size>0xb2</size>
         <input_file_ref idref="fl-c6"/>
      </object_component>
      <object_component id="oc-357">
         <name>.debug_info</name>
         <load_address>0x3fbf</load_address>
         <run_address>0x3fbf</run_address>
         <size>0x144</size>
         <input_file_ref idref="fl-c7"/>
      </object_component>
      <object_component id="oc-27d">
         <name>.debug_info</name>
         <load_address>0x4103</load_address>
         <run_address>0x4103</run_address>
         <size>0x102</size>
         <input_file_ref idref="fl-c7"/>
      </object_component>
      <object_component id="oc-351">
         <name>.debug_info</name>
         <load_address>0x4205</load_address>
         <run_address>0x4205</run_address>
         <size>0x18f</size>
         <input_file_ref idref="fl-c7"/>
      </object_component>
      <object_component id="oc-25">
         <name>.debug_info</name>
         <load_address>0x4394</load_address>
         <run_address>0x4394</run_address>
         <size>0x10b</size>
         <input_file_ref idref="fl-c8"/>
      </object_component>
      <object_component id="oc-60">
         <name>.debug_info</name>
         <load_address>0x449f</load_address>
         <run_address>0x449f</run_address>
         <size>0x1a9</size>
         <input_file_ref idref="fl-c8"/>
      </object_component>
      <object_component id="oc-354">
         <name>.debug_info</name>
         <load_address>0x4648</load_address>
         <run_address>0x4648</run_address>
         <size>0x347</size>
         <input_file_ref idref="fl-c9"/>
      </object_component>
      <object_component id="oc-344">
         <name>.debug_info</name>
         <load_address>0x498f</load_address>
         <run_address>0x498f</run_address>
         <size>0x18a</size>
         <input_file_ref idref="fl-c9"/>
      </object_component>
      <object_component id="oc-278">
         <name>.debug_info</name>
         <load_address>0x4b19</load_address>
         <run_address>0x4b19</run_address>
         <size>0x1c8</size>
         <input_file_ref idref="fl-c9"/>
      </object_component>
      <object_component id="oc-34f">
         <name>.debug_info</name>
         <load_address>0x4ce1</load_address>
         <run_address>0x4ce1</run_address>
         <size>0x3fc</size>
         <input_file_ref idref="fl-ca"/>
      </object_component>
      <object_component id="oc-271">
         <name>.debug_info</name>
         <load_address>0x50dd</load_address>
         <run_address>0x50dd</run_address>
         <size>0x2e2</size>
         <input_file_ref idref="fl-ca"/>
      </object_component>
      <object_component id="oc-3e9">
         <name>.debug_info</name>
         <load_address>0x53bf</load_address>
         <run_address>0x53bf</run_address>
         <size>0x300</size>
         <input_file_ref idref="fl-cb"/>
      </object_component>
      <object_component id="oc-333">
         <name>.debug_info</name>
         <load_address>0x56bf</load_address>
         <run_address>0x56bf</run_address>
         <size>0x19c</size>
         <input_file_ref idref="fl-cb"/>
      </object_component>
      <object_component id="oc-48f">
         <name>.debug_info</name>
         <load_address>0x585b</load_address>
         <run_address>0x585b</run_address>
         <size>0xbf</size>
         <input_file_ref idref="fl-cb"/>
      </object_component>
      <object_component id="oc-48e">
         <name>.debug_info</name>
         <load_address>0x591a</load_address>
         <run_address>0x591a</run_address>
         <size>0x374</size>
         <input_file_ref idref="fl-cc"/>
      </object_component>
      <object_component id="oc-3e3">
         <name>.debug_info</name>
         <load_address>0x5c8e</load_address>
         <run_address>0x5c8e</run_address>
         <size>0x20b</size>
         <input_file_ref idref="fl-cc"/>
      </object_component>
      <object_component id="oc-3f">
         <name>.debug_info</name>
         <load_address>0x5e99</load_address>
         <run_address>0x5e99</run_address>
         <size>0x119</size>
         <input_file_ref idref="fl-cd"/>
      </object_component>
      <object_component id="oc-98">
         <name>.debug_info</name>
         <load_address>0x5fb2</load_address>
         <run_address>0x5fb2</run_address>
         <size>0x147</size>
         <input_file_ref idref="fl-ce"/>
      </object_component>
      <object_component id="oc-241">
         <name>.debug_info</name>
         <load_address>0x60f9</load_address>
         <run_address>0x60f9</run_address>
         <size>0x4b3</size>
         <input_file_ref idref="fl-cf"/>
      </object_component>
      <object_component id="oc-125">
         <name>.debug_info</name>
         <load_address>0x65ac</load_address>
         <run_address>0x65ac</run_address>
         <size>0x1a6</size>
         <input_file_ref idref="fl-cf"/>
      </object_component>
      <object_component id="oc-30b">
         <name>.debug_info</name>
         <load_address>0x6752</load_address>
         <run_address>0x6752</run_address>
         <size>0x39</size>
         <input_file_ref idref="fl-cf"/>
      </object_component>
      <object_component id="oc-3ce">
         <name>.debug_info</name>
         <load_address>0x678b</load_address>
         <run_address>0x678b</run_address>
         <size>0x39</size>
         <input_file_ref idref="fl-cf"/>
      </object_component>
      <object_component id="oc-310">
         <name>.debug_info</name>
         <load_address>0x67c4</load_address>
         <run_address>0x67c4</run_address>
         <size>0x39</size>
         <input_file_ref idref="fl-cf"/>
      </object_component>
      <object_component id="oc-315">
         <name>.debug_info</name>
         <load_address>0x67fd</load_address>
         <run_address>0x67fd</run_address>
         <size>0xcd</size>
         <input_file_ref idref="fl-cf"/>
      </object_component>
      <object_component id="oc-9d">
         <name>.debug_info</name>
         <load_address>0x68ca</load_address>
         <run_address>0x68ca</run_address>
         <size>0x153</size>
         <input_file_ref idref="fl-d0"/>
      </object_component>
      <object_component id="oc-23e">
         <name>.debug_info</name>
         <load_address>0x6a1d</load_address>
         <run_address>0x6a1d</run_address>
         <size>0x3ad</size>
         <input_file_ref idref="fl-d2"/>
      </object_component>
      <object_component id="oc-238">
         <name>.debug_info</name>
         <load_address>0x6dca</load_address>
         <run_address>0x6dca</run_address>
         <size>0x190</size>
         <input_file_ref idref="fl-d2"/>
      </object_component>
      <object_component id="oc-119">
         <name>.debug_info</name>
         <load_address>0x6f5a</load_address>
         <run_address>0x6f5a</run_address>
         <size>0x122</size>
         <input_file_ref idref="fl-d2"/>
      </object_component>
      <object_component id="oc-11f">
         <name>.debug_info</name>
         <load_address>0x707c</load_address>
         <run_address>0x707c</run_address>
         <size>0x184</size>
         <input_file_ref idref="fl-d2"/>
      </object_component>
      <object_component id="oc-305">
         <name>.debug_info</name>
         <load_address>0x7200</load_address>
         <run_address>0x7200</run_address>
         <size>0x2c9</size>
         <input_file_ref idref="fl-d3"/>
      </object_component>
      <object_component id="oc-23b">
         <name>.debug_info</name>
         <load_address>0x74c9</load_address>
         <run_address>0x74c9</run_address>
         <size>0x11e</size>
         <input_file_ref idref="fl-d3"/>
      </object_component>
      <object_component id="oc-2fe">
         <name>.debug_info</name>
         <load_address>0x75e7</load_address>
         <run_address>0x75e7</run_address>
         <size>0x12e</size>
         <input_file_ref idref="fl-d3"/>
      </object_component>
      <object_component id="oc-3ed">
         <name>.debug_info</name>
         <load_address>0x7715</load_address>
         <run_address>0x7715</run_address>
         <size>0x2a5</size>
         <input_file_ref idref="fl-d5"/>
      </object_component>
      <object_component id="oc-33d">
         <name>.debug_info</name>
         <load_address>0x79ba</load_address>
         <run_address>0x79ba</run_address>
         <size>0x25d</size>
         <input_file_ref idref="fl-d5"/>
      </object_component>
      <object_component id="oc-72">
         <name>.debug_info</name>
         <load_address>0x7c17</load_address>
         <run_address>0x7c17</run_address>
         <size>0x3b2</size>
         <input_file_ref idref="fl-d6"/>
      </object_component>
      <object_component id="oc-28">
         <name>.debug_info</name>
         <load_address>0x7fc9</load_address>
         <run_address>0x7fc9</run_address>
         <size>0x10c</size>
         <input_file_ref idref="fl-d6"/>
      </object_component>
      <object_component id="oc-542">
         <name>.debug_info</name>
         <load_address>0x80d5</load_address>
         <run_address>0x80d5</run_address>
         <size>0x13f</size>
         <input_file_ref idref="fl-d6"/>
      </object_component>
      <object_component id="oc-484">
         <name>.debug_info</name>
         <load_address>0x8214</load_address>
         <run_address>0x8214</run_address>
         <size>0x168</size>
         <input_file_ref idref="fl-d6"/>
      </object_component>
      <object_component id="oc-4e6">
         <name>.debug_info</name>
         <load_address>0x837c</load_address>
         <run_address>0x837c</run_address>
         <size>0x18e</size>
         <input_file_ref idref="fl-d6"/>
      </object_component>
      <object_component id="oc-4ec">
[...]
         <name>__TI_auto_init_nobinit_nopinit</name>
         <value>0x3801</value>
         <object_component_ref idref="oc-124"/>
      </symbol>
      <symbol id="sm-26f">
         <name>_system_pre_init</name>
         <value>0x3f19</value>
         <object_component_ref idref="oc-9c"/>
      </symbol>
      <symbol id="sm-296">
         <name>C$$EXIT</name>
         <value>0x3f1d</value>
         <object_component_ref idref="oc-118"/>
      </symbol>
      <symbol id="sm-297">
         <name>abort</name>
         <value>0x3f1d</value>
         <object_component_ref idref="oc-118"/>
      </symbol>
      <symbol id="sm-298">
         <name>__TI_dtors_ptr</name>
         <value>0x200017c0</value>
         <object_component_ref idref="oc-237"/>
      </symbol>
      <symbol id="sm-299">
         <name>__TI_cleanup_ptr</name>
         <value>0x200017bc</value>
         <object_component_ref idref="oc-237"/>
      </symbol>
      <symbol id="sm-29a">
         <name>__TI_enable_exit_profile_output</name>
         <value>0x200017c4</value>
         <object_component_ref idref="oc-237"/>
      </symbol>
      <symbol id="sm-29b">
         <name>exit</name>
         <value>0x365d</value>
         <object_component_ref idref="oc-11e"/>
      </symbol>
      <symbol id="sm-2b0">
         <name>_nop</name>
         <value>0xcbb</value>
         <object_component_ref idref="oc-2fd"/>
      </symbol>
      <symbol id="sm-2b1">
         <name>_lock</name>
         <value>0x200017c8</value>
         <object_component_ref idref="oc-23a"/>
      </symbol>
      <symbol id="sm-2b2">
         <name>_unlock</name>
         <value>0x200017cc</value>
         <object_component_ref idref="oc-23a"/>
      </symbol>
      <symbol id="sm-2c3">
         <name>memchr</name>
         <value>0x3c85</value>
         <object_component_ref idref="oc-33c"/>
      </symbol>
      <symbol id="sm-34c">
         <name>_sys_memory</name>
         <value>0x20000a70</value>
         <object_component_ref idref="oc-27"/>
      </symbol>
      <symbol id="sm-34d">
         <name>free</name>
         <value>0x26e1</value>
         <object_component_ref idref="oc-47b"/>
      </symbol>
      <symbol id="sm-34e">
         <name>memalign</name>
         <value>0x23f1</value>
         <object_component_ref idref="oc-4f1"/>
      </symbol>
      <symbol id="sm-34f">
         <name>malloc</name>
         <value>0x3ef9</value>
         <object_component_ref idref="oc-481"/>
      </symbol>
      <symbol id="sm-350">
         <name>aligned_alloc</name>
         <value>0x23f1</value>
         <object_component_ref idref="oc-4f1"/>
      </symbol>
      <symbol id="sm-35e">
         <name>strlen</name>
         <value>0x3e71</value>
         <object_component_ref idref="oc-336"/>
      </symbol>
      <symbol id="sm-378">
         <name>write</name>
         <value>0x3c19</value>
         <object_component_ref idref="oc-348"/>
      </symbol>
      <symbol id="sm-389">
         <name>_stream</name>
         <value>0x2000175c</value>
         <object_component_ref idref="oc-3ef"/>
      </symbol>
      <symbol id="sm-38a">
         <name>_device</name>
         <value>0x200016e4</value>
         <object_component_ref idref="oc-49a"/>
      </symbol>
      <symbol id="sm-39a">
         <name>__TI_cleanup</name>
         <value>0x3a19</value>
         <object_component_ref idref="oc-487"/>
      </symbol>
      <symbol id="sm-3ac">
         <name>fseek</name>
         <value>0x31f1</value>
         <object_component_ref idref="oc-3dc"/>
      </symbol>
      <symbol id="sm-3bd">
         <name>HOSTclose</name>
         <value>0x3735</value>
         <object_component_ref idref="oc-507"/>
      </symbol>
      <symbol id="sm-3ce">
         <name>HOSTlseek</name>
         <value>0x3055</value>
         <object_component_ref idref="oc-519"/>
      </symbol>
      <symbol id="sm-3e0">
         <name>parmbuf</name>
         <value>0x200015ec</value>
      </symbol>
      <symbol id="sm-3e1">
         <name>HOSTopen</name>
         <value>0x32b9</value>
         <object_component_ref idref="oc-501"/>
      </symbol>
      <symbol id="sm-3f2">
         <name>HOSTread</name>
         <value>0x33cd</value>
         <object_component_ref idref="oc-50d"/>
      </symbol>
      <symbol id="sm-403">
         <name>HOSTrename</name>
         <value>0x2fe9</value>
         <object_component_ref idref="oc-525"/>
      </symbol>
      <symbol id="sm-414">
         <name>HOSTunlink</name>
         <value>0x3779</value>
         <object_component_ref idref="oc-51f"/>
      </symbol>
      <symbol id="sm-425">
         <name>HOSTwrite</name>
         <value>0x3425</value>
         <object_component_ref idref="oc-513"/>
      </symbol>
      <symbol id="sm-449">
         <name>__TI_readmsg</name>
         <value>0x3a4d</value>
         <object_component_ref idref="oc-562"/>
      </symbol>
      <symbol id="sm-44a">
         <name>C$$IO$$</name>
         <value>0x396f</value>
         <object_component_ref idref="oc-55c"/>
      </symbol>
      <symbol id="sm-44b">
         <name>__CIOBUF_</name>
         <value>0x20001270</value>
         <object_component_ref idref="oc-58d"/>
      </symbol>
      <symbol id="sm-44c">
         <name>__TI_writemsg</name>
         <value>0x3941</value>
         <object_component_ref idref="oc-55c"/>
      </symbol>
      <symbol id="sm-45d">
         <name>lseek</name>
         <value>0x3bf1</value>
         <object_component_ref idref="oc-473"/>
      </symbol>
      <symbol id="sm-472">
         <name>__TI_closefile</name>
         <value>0x2e95</value>
         <object_component_ref idref="oc-4f8"/>
      </symbol>
      <symbol id="sm-49a">
         <name>finddevice</name>
         <value>0x3ae5</value>
         <object_component_ref idref="oc-5ab"/>
      </symbol>
      <symbol id="sm-49b">
         <name>getdevice</name>
         <value>0x3845</value>
         <object_component_ref idref="oc-583"/>
      </symbol>
      <symbol id="sm-4ab">
         <name>strchr</name>
         <value>0x3e09</value>
         <object_component_ref idref="oc-44e"/>
      </symbol>
      <symbol id="sm-4ba">
         <name>strcmp</name>
         <value>0x3daf</value>
         <object_component_ref idref="oc-5c2"/>
      </symbol>
      <symbol id="sm-4c8">
         <name>strcpy</name>
         <value>0x3e5d</value>
         <object_component_ref idref="oc-576"/>
      </symbol>
      <symbol id="sm-4d8">
         <name>strncpy</name>
         <value>0x3979</value>
         <object_component_ref idref="oc-5a5"/>
      </symbol>
      <symbol id="sm-4ed">
         <name>close</name>
         <value>0x3319</value>
         <object_component_ref idref="oc-54d"/>
      </symbol>
      <symbol id="sm-4fd">
         <name>unlink</name>
         <value>0x3b9d</value>
         <object_component_ref idref="oc-553"/>
      </symbol>
      <symbol id="sm-556">
         <name>EventInit</name>
         <value>0xea7</value>
         <object_component_ref idref="oc-db"/>
      </symbol>
      <symbol id="sm-557">
         <name>EventExecute</name>
         <value>0x1031</value>
         <object_component_ref idref="oc-db"/>
      </symbol>
      <symbol id="sm-558">
         <name>EventSchedulerInit</name>
         <value>0xe2b</value>
         <object_component_ref idref="oc-db"/>
      </symbol>
      <symbol id="sm-559">
         <name>EventGetCurrentTime</name>
         <value>0x107d</value>
         <object_component_ref idref="oc-db"/>
      </symbol>
      <symbol id="sm-55a">
         <name>HeapifyDownwards</name>
         <value>0xcbd</value>
         <object_component_ref idref="oc-db"/>
      </symbol>
      <symbol id="sm-55b">
         <name>HeapifyUpwards</name>
         <value>0xd8d</value>
         <object_component_ref idref="oc-db"/>
      </symbol>
      <symbol id="sm-55c">
         <name>EventSchedule</name>
         <value>0xefd</value>
         <object_component_ref idref="oc-db"/>
      </symbol>
      <symbol id="sm-55d">
         <name>EventDeschedule</name>
         <value>0xfd5</value>
         <object_component_ref idref="oc-db"/>
      </symbol>
      <symbol id="sm-571">
         <name>LaunchPadInit</name>
         <value>0x2995</value>
         <object_component_ref idref="oc-f8"/>
      </symbol>
      <symbol id="sm-572">
         <name>WaitUs</name>
         <value>0x2969</value>
         <object_component_ref idref="oc-f8"/>
      </symbol>
      <symbol id="sm-583">
         <name>LedInit</name>
         <value>0x2d19</value>
         <object_component_ref idref="oc-ec"/>
      </symbol>
      <symbol id="sm-584">
         <name>LedTurnOnOff</name>
         <value>0x2d3b</value>
         <object_component_ref idref="oc-ec"/>
      </symbol>
      <symbol id="sm-5b9">
         <name>PushButtonRead</name>
         <value>0x1987</value>
         <object_component_ref idref="oc-f2"/>
      </symbol>
      <symbol id="sm-5ba">
         <name>PushButtonInit</name>
         <value>0x18f5</value>
         <object_component_ref idref="oc-f2"/>
      </symbol>
      <symbol id="sm-5bb">
         <name>PushButtonEventRegister</name>
         <value>0x195d</value>
         <object_component_ref idref="oc-f2"/>
      </symbol>
      <symbol id="sm-5bc">
         <name>PushButtonSetDebouncingDelay</name>
         <value>0x1977</value>
         <object_component_ref idref="oc-f2"/>
      </symbol>
      <symbol id="sm-5d6">
         <name>UartPutString</name>
         <value>0x28ff</value>
         <object_component_ref idref="oc-e6"/>
      </symbol>
      <symbol id="sm-5d7">
         <name>UartPutChar</name>
         <value>0x28db</value>
         <object_component_ref idref="oc-e6"/>
      </symbol>
      <symbol id="sm-5d8">
         <name>UartGetChar</name>
         <value>0x28ed</value>
         <object_component_ref idref="oc-e6"/>
      </symbol>
      <symbol id="sm-5d9">
         <name>uprintf</name>
         <value>0x292b</value>
         <object_component_ref idref="oc-e6"/>
      </symbol>
      <symbol id="sm-5da">
         <name>UartInit</name>
         <value>0x28a1</value>
         <object_component_ref idref="oc-e6"/>
      </symbol>
      <symbol id="sm-687">
         <name>GPIOIntRegister</name>
         <value>0x3d7f</value>
         <object_component_ref idref="oc-1dc"/>
      </symbol>
      <symbol id="sm-688">
         <name>GPIOPinConfigure</name>
         <value>0x3579</value>
         <object_component_ref idref="oc-19d"/>
      </symbol>
      <symbol id="sm-689">
         <name>GPIOIntEnable</name>
         <value>0x3eb7</value>
         <object_component_ref idref="oc-1ee"/>
      </symbol>
      <symbol id="sm-68a">
         <name>GPIOIntTypeSet</name>
         <value>0x3375</value>
         <object_component_ref idref="oc-1e2"/>
      </symbol>
      <symbol id="sm-68b">
         <name>GPIOPinTypeGPIOInput</name>
         <value>0x3ddd</value>
         <object_component_ref idref="oc-1d0"/>
      </symbol>
      <symbol id="sm-68c">
         <name>GPIOIntClear</name>
         <value>0x3f01</value>
         <object_component_ref idref="oc-201"/>
      </symbol>
      <symbol id="sm-68d">
         <name>GPIOPinTypeUART</name>
         <value>0x3df3</value>
         <object_component_ref idref="oc-1a3"/>
      </symbol>
      <symbol id="sm-68e">
         <name>GPIOPinTypeGPIOOutput</name>
         <value>0x3d31</value>
         <object_component_ref idref="oc-1c9"/>
      </symbol>
      <symbol id="sm-68f">
         <name>GPIOPinRead</name>
         <value>0x3f07</value>
         <object_component_ref idref="oc-1fb"/>
      </symbol>
      <symbol id="sm-690">
         <name>GPIODirModeSet</name>
         <value>0x3b43</value>
         <object_component_ref idref="oc-297"/>
      </symbol>
      <symbol id="sm-691">
         <name>GPIOPinWrite</name>
         <value>0x3f0d</value>
         <object_component_ref idref="oc-158"/>
      </symbol>
      <symbol id="sm-692">
         <name>GPIOPadConfigSet</name>
         <value>0x1a8d</value>
         <object_component_ref idref="oc-1d6"/>
      </symbol>
      <symbol id="sm-6d4">
         <name>IntPrioritySet</name>
         <value>0x3c41</value>
         <object_component_ref idref="oc-1e8"/>
      </symbol>
      <symbol id="sm-6d5">
         <name>IntEnable</name>
         <value>0x30bd</value>
         <object_component_ref idref="oc-221"/>
      </symbol>
      <symbol id="sm-6d6">
         <name>IntRegister</name>
         <value>0x39b1</value>
         <object_component_ref idref="oc-263"/>
      </symbol>
      <symbol id="sm-6d7">
         <name>g_pfnRAMVectors</name>
         <value>0x20000000</value>
         <object_component_ref idref="oc-32c"/>
      </symbol>
      <symbol id="sm-735">
         <name>SysCtlClockSet</name>
         <value>0x25ed</value>
         <object_component_ref idref="oc-213"/>
      </symbol>
      <symbol id="sm-736">
         <name>SysCtlDelay</name>
         <value>0x3f13</value>
         <object_component_ref idref="oc-212"/>
      </symbol>
      <symbol id="sm-737">
         <name>SysCtlPeripheralEnable</name>
         <value>0x39e5</value>
         <object_component_ref idref="oc-197"/>
      </symbol>
      <symbol id="sm-738">
         <name>SysCtlClockGet</name>
         <value>0x20b5</value>
         <object_component_ref idref="oc-15f"/>
      </symbol>
      <symbol id="sm-739">
         <name>SysCtlPeripheralReady</name>
         <value>0x3909</value>
         <object_component_ref idref="oc-21b"/>
      </symbol>
      <symbol id="sm-766">
         <name>SysTickEnable</name>
         <value>0x3e21</value>
         <object_component_ref idref="oc-177"/>
      </symbol>
      <symbol id="sm-767">
         <name>SysTickIntRegister</name>
         <value>0x3ca5</value>
         <object_component_ref idref="oc-16b"/>
      </symbol>
      <symbol id="sm-768">
         <name>SysTickIntEnable</name>
         <value>0x3e35</value>
         <object_component_ref idref="oc-171"/>
      </symbol>
      <symbol id="sm-769">
         <name>SysTickPeriodSet</name>
         <value>0x3e99</value>
         <object_component_ref idref="oc-165"/>
      </symbol>
      <symbol id="sm-79c">
         <name>UARTConfigSetExpClk</name>
         <value>0x36ed</value>
         <object_component_ref idref="oc-1a9"/>
      </symbol>
      <symbol id="sm-79d">
         <name>UARTDisable</name>
         <value>0x3c65</value>
         <object_component_ref idref="oc-29e"/>
      </symbol>
      <symbol id="sm-79e">
         <name>UARTCharPut</name>
         <value>0x3ee5</value>
         <object_component_ref idref="oc-1af"/>
      </symbol>
      <symbol id="sm-79f">
         <name>UARTEnable</name>
         <value>0x3e49</value>
         <object_component_ref idref="oc-2a4"/>
      </symbol>
      <symbol id="sm-7a0">
         <name>UARTCharGet</name>
         <value>0x3edb</value>
         <object_component_ref idref="oc-1b5"/>
      </symbol>
      <symbol id="sm-7cb">
         <name>vsnprintf</name>
         <value>0x3889</value>
         <object_component_ref idref="oc-1bb"/>
      </symbol>
      <symbol id="sm-7d8">
         <name>__aeabi_uldivmod</name>
         <value>0x2b77</value>
         <object_component_ref idref="oc-20d"/>
      </symbol>
      <symbol id="sm-93d">
         <name>__TI_printfi</name>
         <value>0x26d</value>
         <object_component_ref idref="oc-2ae"/>
      </symbol>
      <symbol id="sm-947">
         <name>__aeabi_idiv0</name>
         <value>0x18f3</value>
         <object_component_ref idref="oc-2ef"/>
      </symbol>
      <symbol id="sm-948">
         <name>__aeabi_ldiv0</name>
         <value>0x18f3</value>
         <object_component_ref idref="oc-2ef"/>
      </symbol>
      <symbol id="sm-95f">
         <name>__aeabi_dsub</name>
         <value>0x173d</value>
         <object_component_ref idref="oc-422"/>
      </symbol>
      <symbol id="sm-960">
         <name>__aeabi_dadd</name>
         <value>0x1747</value>
         <object_component_ref idref="oc-422"/>
      </symbol>
      <symbol id="sm-982">
         <name>__aeabi_cdcmpeq</name>
         <value>0x2c0d</value>
         <object_component_ref idref="oc-37e"/>
      </symbol>
      <symbol id="sm-983">
         <name>__aeabi_cdcmple</name>
         <value>0x2c0d</value>
         <object_component_ref idref="oc-37e"/>
      </symbol>
      <symbol id="sm-984">
         <name>__aeabi_cdrcmple</name>
         <value>0x2c93</value>
         <object_component_ref idref="oc-40d"/>
      </symbol>
      <symbol id="sm-998">
         <name>__aeabi_ddiv</name>
         <value>0x1d35</value>
         <object_component_ref idref="oc-408"/>
      </symbol>
      <symbol id="sm-9a3">
         <name>__aeabi_dmul</name>
         <value>0x24f1</value>
         <object_component_ref idref="oc-403"/>
      </symbol>
      <symbol id="sm-9ad">
         <name>__aeabi_d2iz</name>
         <value>0x36a5</value>
         <object_component_ref idref="oc-412"/>
      </symbol>
      <symbol id="sm-9b7">
         <name>__aeabi_i2d</name>
         <value>0x3b15</value>
         <object_component_ref idref="oc-41d"/>
      </symbol>
      <symbol id="sm-9c6">
         <name>__TI_ltoa</name>
         <value>0x34d3</value>
         <object_component_ref idref="oc-417"/>
      </symbol>
      <symbol id="sm-9dc">
         <name>atoi</name>
         <value>0x3611</value>
         <object_component_ref idref="oc-372"/>
      </symbol>
      <symbol id="sm-9e7">
         <name>_ctypes_</name>
         <value>0x3f20</value>
         <object_component_ref idref="oc-3fc"/>
      </symbol>
      <symbol id="sm-9f7">
         <name>memccpy</name>
         <value>0x3d15</value>
         <object_component_ref idref="oc-39b"/>
      </symbol>
      <symbol id="sm-a0d">
         <name>__aeabi_errno_addr</name>
         <value>0x3ef1</value>
         <object_component_ref idref="oc-3a7"/>
      </symbol>
      <symbol id="sm-a0e">
         <name>errno</name>
         <value>0x200017e4</value>
         <object_component_ref idref="oc-45e"/>
      </symbol>
      <symbol id="sm-a27">
         <name>wcslen</name>
         <value>0x3e85</value>
         <object_component_ref idref="oc-3a1"/>
      </symbol>
      <symbol id="sm-a47">
         <name>frexpl</name>
         <value>0x318d</value>
         <object_component_ref idref="oc-442"/>
      </symbol>
      <symbol id="sm-a48">
         <name>frexp</name>
         <value>0x318d</value>
         <object_component_ref idref="oc-442"/>
      </symbol>
      <symbol id="sm-a65">
         <name>scalbn</name>
         <value>0x22e1</value>
         <object_component_ref idref="oc-448"/>
      </symbol>
      <symbol id="sm-a66">
         <name>scalbnl</name>
         <value>0x22e1</value>
         <object_component_ref idref="oc-448"/>
      </symbol>
      <symbol id="sm-a67">
         <name>ldexpl</name>
         <value>0x22e1</value>
         <object_component_ref idref="oc-448"/>
      </symbol>
      <symbol id="sm-a68">
         <name>ldexp</name>
         <value>0x22e1</value>
         <object_component_ref idref="oc-448"/>
      </symbol>
      <symbol id="sm-a72">
         <name>copysign</name>
         <value>0x3d4b</value>
         <object_component_ref idref="oc-4c4"/>
      </symbol>
      <symbol id="sm-a73">
         <name>copysignl</name>
         <value>0x3d4b</value>
         <object_component_ref idref="oc-4c4"/>
      </symbol>
      <symbol id="sm-a74">
         <name>__TI_static_base__</name>
         <value>0x0</value>
      </symbol>
      <symbol id="sm-a77">
         <name>__mpu_init</name>
         <value>0x0</value>
      </symbol>
      <symbol id="sm-a78">
         <name>_system_post_cinit</name>
         <value>0x0</value>
      </symbol>
      <symbol id="sm-a79">
         <name>remove</name>
         <value>0x3b9d</value>
      </symbol>
   </symbol_table>
   <title>Link successful</title>
</link_info>
